Archive member included to satisfy reference by file (symbol)

app/libapp.a(main.c.obj)      (--whole-archive)
zephyr/libzephyr.a(validate_libc.c.obj)
                              (--whole-archive)
zephyr/libzephyr.a(heap.c.obj)
                              (--whole-archive)
zephyr/libzephyr.a(cbprintf_packaged.c.obj)
                              (--whole-archive)
zephyr/libzephyr.a(clock.c.obj)
                              (--whole-archive)
zephyr/libzephyr.a(printk.c.obj)
                              (--whole-archive)
zephyr/libzephyr.a(sem.c.obj)
                              (--whole-archive)
zephyr/libzephyr.a(thread_entry.c.obj)
                              (--whole-archive)
zephyr/libzephyr.a(cbprintf_complete.c.obj)
                              (--whole-archive)
zephyr/libzephyr.a(assert.c.obj)
                              (--whole-archive)
zephyr/libzephyr.a(mpsc_pbuf.c.obj)
                              (--whole-archive)
zephyr/libzephyr.a(dec.c.obj)
                              (--whole-archive)
zephyr/libzephyr.a(hex.c.obj)
                              (--whole-archive)
zephyr/libzephyr.a(rb.c.obj)  (--whole-archive)
zephyr/libzephyr.a(timeutil.c.obj)
                              (--whole-archive)
zephyr/libzephyr.a(bitarray.c.obj)
                              (--whole-archive)
zephyr/libzephyr.a(bitmask.c.obj)
                              (--whole-archive)
zephyr/libzephyr.a(getopt.c.obj)
                              (--whole-archive)
zephyr/libzephyr.a(getopt_common.c.obj)
                              (--whole-archive)
zephyr/libzephyr.a(ring_buffer.c.obj)
                              (--whole-archive)
zephyr/libzephyr.a(last_section_id.c.obj)
                              (--whole-archive)
zephyr/libzephyr.a(configs.c.obj)
                              (--whole-archive)
zephyr/libzephyr.a(cold_start.c.obj)
                              (--whole-archive)
zephyr/libzephyr.a(soc.c.obj)
                              (--whole-archive)
zephyr/libzephyr.a(log_core.c.obj)
                              (--whole-archive)
zephyr/libzephyr.a(log_mgmt.c.obj)
                              (--whole-archive)
zephyr/libzephyr.a(log_cache.c.obj)
                              (--whole-archive)
zephyr/libzephyr.a(log_msg.c.obj)
                              (--whole-archive)
zephyr/libzephyr.a(log_output.c.obj)
                              (--whole-archive)
zephyr/libzephyr.a(log_backend_uart.c.obj)
                              (--whole-archive)
zephyr/libzephyr.a(tracing_none.c.obj)
                              (--whole-archive)
zephyr/arch/common/libarch__common.a(sw_isr_common.c.obj)
                              (--whole-archive)
zephyr/arch/common/libarch__common.a(init.c.obj)
                              (--whole-archive)
zephyr/arch/common/libarch__common.a(xip.c.obj)
                              (--whole-archive)
zephyr/arch/arch/arm/core/libarch__arm__core.a(fatal.c.obj)
                              (--whole-archive)
zephyr/arch/arch/arm/core/libarch__arm__core.a(nmi.c.obj)
                              (--whole-archive)
zephyr/arch/arch/arm/core/libarch__arm__core.a(nmi_on_reset.S.obj)
                              (--whole-archive)
zephyr/arch/arch/arm/core/libarch__arm__core.a(tls.c.obj)
                              (--whole-archive)
zephyr/arch/arch/arm/core/cortex_m/libarch__arm__core__cortex_m.a(exc_exit.c.obj)
                              (--whole-archive)
zephyr/arch/arch/arm/core/cortex_m/libarch__arm__core__cortex_m.a(fault.c.obj)
                              (--whole-archive)
zephyr/arch/arch/arm/core/cortex_m/libarch__arm__core__cortex_m.a(fault_s.S.obj)
                              (--whole-archive)
zephyr/arch/arch/arm/core/cortex_m/libarch__arm__core__cortex_m.a(fpu.c.obj)
                              (--whole-archive)
zephyr/arch/arch/arm/core/cortex_m/libarch__arm__core__cortex_m.a(reset.S.obj)
                              (--whole-archive)
zephyr/arch/arch/arm/core/cortex_m/libarch__arm__core__cortex_m.a(scb.c.obj)
                              (--whole-archive)
zephyr/arch/arch/arm/core/cortex_m/libarch__arm__core__cortex_m.a(thread_abort.c.obj)
                              (--whole-archive)
zephyr/arch/arch/arm/core/cortex_m/libarch__arm__core__cortex_m.a(vector_table.S.obj)
                              (--whole-archive)
zephyr/arch/arch/arm/core/cortex_m/libarch__arm__core__cortex_m.a(swap_helper.S.obj)
                              (--whole-archive)
zephyr/arch/arch/arm/core/cortex_m/libarch__arm__core__cortex_m.a(irq_manage.c.obj)
                              (--whole-archive)
zephyr/arch/arch/arm/core/cortex_m/libarch__arm__core__cortex_m.a(prep_c.c.obj)
                              (--whole-archive)
zephyr/arch/arch/arm/core/cortex_m/libarch__arm__core__cortex_m.a(thread.c.obj)
                              (--whole-archive)
zephyr/arch/arch/arm/core/cortex_m/libarch__arm__core__cortex_m.a(cpu_idle.c.obj)
[...]
Memory Configuration

Name             Origin             Length             Attributes
FLASH            0x0000000000004000 0x000000000003c000 xr
RAM              0x0000000020000000 0x0000000000008000 xw
OFS_OSIS_MEMORY  0x0000000001010018 0x000000000000001c rw
IDT_LIST         0x00000000ffff7fff 0x0000000000008000 xw
*default*        0x0000000000000000 0xffffffffffffffff

Linker script and memory map

                0x00000000000083d8                vfprintf = __d_vfprintf
                0x0000000000000000                vfscanf = __d_vfscanf
LOAD zephyr/CMakeFiles/zephyr_pre0.dir/misc/empty_file.c.obj
LOAD zephyr/CMakeFiles/offsets.dir/./arch/arm/core/offsets/offsets.c.obj
LOAD app/libapp.a
LOAD zephyr/libzephyr.a
LOAD zephyr/arch/common/libarch__common.a
LOAD zephyr/arch/arch/arm/core/libarch__arm__core.a
LOAD zephyr/arch/arch/arm/core/cortex_m/libarch__arm__core__cortex_m.a
LOAD zephyr/lib/libc/picolibc/liblib__libc__picolibc.a
LOAD zephyr/lib/libc/common/liblib__libc__common.a
LOAD zephyr/lib/posix/c_lib_ext/liblib__posix__c_lib_ext.a
LOAD zephyr/drivers/misc/renesas_ra_external_interrupt/libdrivers__misc__renesas_ra_external_interrupt.a
LOAD zephyr/drivers/clock_control/libdrivers__clock_control.a
LOAD zephyr/drivers/console/libdrivers__console.a
LOAD zephyr/drivers/gpio/libdrivers__gpio.a
LOAD zephyr/drivers/led/libdrivers__led.a
LOAD zephyr/drivers/pinctrl/libdrivers__pinctrl.a
LOAD zephyr/drivers/serial/libdrivers__serial.a
LOAD zephyr/drivers/timer/libdrivers__timer.a
LOAD modules/hal_renesas/lib..__modules__hal__renesas.a
LOAD zephyr/kernel/libkernel.a
LOAD zephyr/arch/common/libisr_tables.a
LOAD /home/pecosdwilly/zephyr-sdk-0.17.4/arm-zephyr-eabi/bin/../lib/gcc/../../picolibc/arm-zephyr-eabi/lib/thumb/v7e-m+fp/hard/libc.a
LOAD /home/pecosdwilly/zephyr-sdk-0.17.4/arm-zephyr-eabi/bin/../lib/gcc/arm-zephyr-eabi/12.2.0/thumb/v7e-m+fp/hard/libgcc.a
                0x0000000000000004                _region_min_align = 0x4

.rel.plt        0x0000000000004000        0x0
 *(SORT_BY_ALIGNMENT(.rel.plt))
                [!provide]                        PROVIDE (__rel_iplt_start = .)
 *(SORT_BY_ALIGNMENT(.rel.iplt))
 .rel.iplt      0x0000000000004000        0x0 app/libapp.a(main.c.obj)
                [!provide]                        PROVIDE (__rel_iplt_end = .)

.rela.plt       0x0000000000000000        0x0
 *(SORT_BY_ALIGNMENT(.rela.plt))
                [!provide]                        PROVIDE (__rela_iplt_start = .)
 *(SORT_BY_ALIGNMENT(.rela.iplt))
                [!provide]                        PROVIDE (__rela_iplt_end = .)

.rel.dyn
 *(SORT_BY_ALIGNMENT(.rel.*))

.rela.dyn
 *(SORT_BY_ALIGNMENT(.rela.*))

/DISCARD/
 *(SORT_BY_ALIGNMENT(.plt))

/DISCARD/
 *(SORT_BY_ALIGNMENT(.iplt))
                0x0000000000004000                __rom_region_start = 0x4000

rom_start       0x0000000000004000      0x43c
                0x0000000000004000                __rom_start_address = .
 FILL mask 0x00
                0x0000000000004000                . = (. + (0x0 - (. - __rom_start_address)))
                0x0000000000004000                . = ALIGN (0x4)
                0x0000000000004000                . = ALIGN (0x80)
                0x0000000000004000                . = ALIGN (0x100)
                0x0000000000004000                _vector_start = .
 *(SORT_BY_ALIGNMENT(.exc_vector_table))
 *(SORT_BY_ALIGNMENT(.exc_vector_table.*))
 .exc_vector_table._vector_table_section
                0x0000000000004000       0x40 zephyr/arch/arch/arm/core/cortex_m/libarch__arm__core__cortex_m.a(vector_table.S.obj)
                0x0000000000004000                _vector_table
 *(SORT_BY_ALIGNMENT(.vectors))
                0x00000000000040c0                _vector_end = .
                0x0000000000004040                . = ALIGN (0x4)
 *(SORT_BY_ALIGNMENT(.gnu.linkonce.irq_vector_table*))
 .gnu.linkonce.irq_vector_table
                0x0000000000004040       0x80 zephyr/arch/common/libisr_tables.a(isr_tables.c.obj)
                0x0000000000004040                _irq_vector_table
                0x00000000000040c0                _vector_end = .
                0x0000000000000400                . = 0x400
 *fill*         0x00000000000040c0      0x340 00
 *(SORT_BY_ALIGNMENT(.option_setting_ofs0))
 .option_setting_ofs0
                0x0000000000004400        0x4 modules/hal_renesas/lib..__modules__hal__renesas.a(bsp_linker.c.obj)
                0x0000000000000404                . = 0x404
 *(SORT_BY_ALIGNMENT(.option_setting_ofs1))
 .option_setting_ofs1
                0x0000000000004404        0x4 modules/hal_renesas/lib..__modules__hal__renesas.a(bsp_linker.c.obj)
                0x0000000000000408                . = 0x408
 *(SORT_BY_ALIGNMENT(.option_setting_secmpu))
 .option_setting_secmpu
                0x0000000000004408       0x34 modules/hal_renesas/lib..__modules__hal__renesas.a(bsp_linker.c.obj)

text            0x000000000000443c     0x7130
                0x000000000000443c                __text_region_start = .
 *(SORT_BY_ALIGNMENT(.text))
 .text          0x000000000000443c       0xa0 /home/pecosdwilly/zephyr-sdk-0.17.4/arm-zephyr-eabi/bin/../lib/gcc/arm-zephyr-eabi/12.2.0/thumb/v7e-m+fp/hard/libgcc.a(_aeabi_ldivmod.o)
                0x000000000000443c                __aeabi_ldivmod
 .text          0x00000000000044dc       0x30 /home/pecosdwilly/zephyr-sdk-0.17.4/arm-zephyr-eabi/bin/../lib/gcc/arm-zephyr-eabi/12.2.0/thumb/v7e-m+fp/hard/libgcc.a(_aeabi_uldivmod.o)
                0x00000000000044dc                __aeabi_uldivmod
 .text          0x000000000000450c        0x4 /home/pecosdwilly/zephyr-sdk-0.17.4/arm-zephyr-eabi/bin/../lib/gcc/arm-zephyr-eabi/12.2.0/thumb/v7e-m+fp/hard/libgcc.a(_dvmd_tls.o)
                0x000000000000450c                __aeabi_ldiv0
                0x000000000000450c                __aeabi_idiv0
 .text          0x0000000000004510       0x10 /home/pecosdwilly/zephyr-sdk-0.17.4/arm-zephyr-eabi/bin/../lib/gcc/../../picolibc/arm-zephyr-eabi/lib/thumb/v7e-m+fp/hard/libc.a(strlen.S.o)
                0x0000000000004510                strlen
 .text          0x0000000000004520      0x2a0 /home/pecosdwilly/zephyr-sdk-0.17.4/arm-zephyr-eabi/bin/../lib/gcc/arm-zephyr-eabi/12.2.0/thumb/v7e-m+fp/hard/libgcc.a(_udivmoddi4.o)
                0x0000000000004520                __udivmoddi4
 *(SORT_BY_ALIGNMENT(.text.*))
 .text.main     0x00000000000047c0      0x11c app/libapp.a(main.c.obj)
                0x00000000000047c0                main
 .text.cbvprintf_package
                0x00000000000048dc      0x3a4 zephyr/libzephyr.a(cbprintf_packaged.c.obj)
                0x00000000000048dc                cbvprintf_package
 .text.cbprintf_package_convert
                0x0000000000004c80      0x3cc zephyr/libzephyr.a(cbprintf_packaged.c.obj)
                0x0000000000004c80                cbprintf_package_convert
 .text.__printk_hook_install
                0x000000000000504c        0xc zephyr/libzephyr.a(printk.c.obj)
                0x000000000000504c                __printk_hook_install
 .text.z_thread_entry
                0x0000000000005058       0x34 zephyr/libzephyr.a(thread_entry.c.obj)
                0x0000000000005058                z_thread_entry
 .text.soc_early_init_hook
                0x000000000000508c       0x30 zephyr/libzephyr.a(soc.c.obj)
                0x000000000000508c                soc_early_init_hook
 .text.activate_foreach_backend
                0x00000000000050bc       0x64 zephyr/libzephyr.a(log_core.c.obj)
 .text.enable_logger
                0x0000000000005120       0x5c zephyr/libzephyr.a(log_core.c.obj)
 .text.log_process_thread_timer_expiry_fn
                0x000000000000517c        0xc zephyr/libzephyr.a(log_core.c.obj)
 .text.z_log_init
                0x0000000000005188       0x94 zephyr/libzephyr.a(log_core.c.obj)
 .text.log_format_func_t_get
                0x000000000000521c        0xc zephyr/libzephyr.a(log_core.c.obj)
                0x000000000000521c                log_format_func_t_get
 .text.log_set_timestamp_func
                0x0000000000005228       0x20 zephyr/libzephyr.a(log_core.c.obj)
                0x0000000000005228                log_set_timestamp_func
 .text.z_log_notify_backend_enabled
                0x0000000000005248       0x1c zephyr/libzephyr.a(log_core.c.obj)
                0x0000000000005248                z_log_notify_backend_enabled
 .text.z_log_dropped
                0x0000000000005264       0x44 zephyr/libzephyr.a(log_core.c.obj)
                0x0000000000005264                z_log_dropped
 .text.z_log_dropped_read_and_clear
                0x00000000000052a8       0x20 zephyr/libzephyr.a(log_core.c.obj)
                0x00000000000052a8                z_log_dropped_read_and_clear
 .text.dropped_notify
                0x00000000000052c8       0x30 zephyr/libzephyr.a(log_core.c.obj)
                0x00000000000052c8                dropped_notify
 .text.z_log_msg_init
                0x00000000000052f8       0x20 zephyr/libzephyr.a(log_core.c.obj)
                0x00000000000052f8                z_log_msg_init
 .text.log_core_init
                0x0000000000005318       0x50 zephyr/libzephyr.a(log_core.c.obj)
                0x0000000000005318                log_core_init
 .text.z_log_msg_alloc
                0x0000000000005368       0x10 zephyr/libzephyr.a(log_core.c.obj)
                0x0000000000005368                z_log_msg_alloc
 .text.z_log_msg_local_claim
                0x0000000000005378        0xc zephyr/libzephyr.a(log_core.c.obj)
                0x0000000000005378                z_log_msg_local_claim
 .text.z_log_msg_free
                0x0000000000005384       0x10 zephyr/libzephyr.a(log_core.c.obj)
                0x0000000000005384                z_log_msg_free
 .text.z_log_msg_pending
                0x0000000000005394        0xc zephyr/libzephyr.a(log_core.c.obj)
                0x0000000000005394                z_log_msg_pending
 .text.z_impl_log_process
                0x00000000000053a0       0xb4 zephyr/libzephyr.a(log_core.c.obj)
                0x00000000000053a0                z_impl_log_process
 .text.z_impl_log_panic
                0x0000000000005454       0x44 zephyr/libzephyr.a(log_core.c.obj)
                0x0000000000005454                z_impl_log_panic
 .text.log_process_thread_func
                0x0000000000005498       0xa4 zephyr/libzephyr.a(log_core.c.obj)
 .text.z_log_msg_post_finalize
                0x000000000000553c       0x78 zephyr/libzephyr.a(log_core.c.obj)
 .text.z_log_msg_commit
                0x00000000000055b4       0x24 zephyr/libzephyr.a(log_core.c.obj)
                0x00000000000055b4                z_log_msg_commit
 .text.log_source_name_get
                0x00000000000055d8       0x1c zephyr/libzephyr.a(log_mgmt.c.obj)
                0x00000000000055d8                log_source_name_get
 .text.z_impl_z_log_msg_static_create
                0x00000000000055f4      0x108 zephyr/libzephyr.a(log_msg.c.obj)
                0x00000000000055f4                z_impl_z_log_msg_static_create
 .text.z_log_msg_runtime_vcreate
                0x00000000000056fc       0xa0 zephyr/libzephyr.a(log_msg.c.obj)
                0x00000000000056fc                z_log_msg_runtime_vcreate
 .text.log_msg_get_source_id
                0x000000000000579c       0x18 zephyr/libzephyr.a(log_msg.c.obj)
                0x000000000000579c                log_msg_get_source_id
 .text.print_formatted
                0x00000000000057b4       0x24 zephyr/libzephyr.a(log_output.c.obj)
 .text.newline_print
                0x00000000000057d8       0x1c zephyr/libzephyr.a(log_output.c.obj)
 .text.log_output_process
                0x00000000000057f4      0x2d8 zephyr/libzephyr.a(log_output.c.obj)
                0x00000000000057f4                log_output_process
 .text.log_output_dropped_process
                0x0000000000005acc       0x58 zephyr/libzephyr.a(log_output.c.obj)
                0x0000000000005acc                log_output_dropped_process
 .text.log_output_timestamp_freq_set
                0x0000000000005b24       0x2c zephyr/libzephyr.a(log_output.c.obj)
                0x0000000000005b24                log_output_timestamp_freq_set
 .text.char_out
                0x0000000000005b50       0x24 zephyr/libzephyr.a(log_backend_uart.c.obj)
 .text.arch_bss_zero
                0x0000000000005b74       0x18 zephyr/arch/common/libarch__common.a(init.c.obj)
                0x0000000000005b74                arch_bss_zero
 .text.arch_data_copy
                0x0000000000005b8c       0x38 zephyr/arch/common/libarch__common.a(xip.c.obj)
                0x0000000000005b8c                arch_data_copy
 .text.z_arm_fatal_error
                0x0000000000005bc4      0x120 zephyr/arch/arch/arm/core/libarch__arm__core.a(fatal.c.obj)
                0x0000000000005bc4                z_arm_fatal_error
 .text.z_SysNmiOnReset
                0x0000000000005ce4        0x8 zephyr/arch/arch/arm/core/libarch__arm__core.a(nmi_on_reset.S.obj)
                0x0000000000005ce4                z_SysNmiOnReset
 .text.arch_tls_stack_setup
                0x0000000000005cec       0x40 zephyr/arch/arch/arm/core/libarch__arm__core.a(tls.c.obj)
                0x0000000000005cec                arch_tls_stack_setup
 .text._HandlerModeExit
                0x0000000000005d2c       0x20 zephyr/arch/arch/arm/core/cortex_m/libarch__arm__core__cortex_m.a(exc_exit.c.obj)
                0x0000000000005d2c                z_arm_exc_exit
                0x0000000000005d2c                z_arm_int_exit
 .text.mem_manage_fault.constprop.0
                0x0000000000005d4c       0xd0 zephyr/arch/arch/arm/core/cortex_m/libarch__arm__core__cortex_m.a(fault.c.obj)
 .text.usage_fault.constprop.0
                0x0000000000005e1c       0xa8 zephyr/arch/arch/arm/core/cortex_m/libarch__arm__core__cortex_m.a(fault.c.obj)
 .text.bus_fault.constprop.0
                0x0000000000005ec4       0xd0 zephyr/arch/arch/arm/core/cortex_m/libarch__arm__core__cortex_m.a(fault.c.obj)
 .text.z_arm_fault
                0x0000000000005f94      0x1c4 zephyr/arch/arch/arm/core/cortex_m/libarch__arm__core__cortex_m.a(fault.c.obj)
                0x0000000000005f94                z_arm_fault
 .text.z_arm_fault_init
                0x0000000000006158       0x18 zephyr/arch/arch/arm/core/cortex_m/libarch__arm__core__cortex_m.a(fault.c.obj)
                0x0000000000006158                z_arm_fault_init
 .text.__fault  0x0000000000006170       0x14 zephyr/arch/arch/arm/core/cortex_m/libarch__arm__core__cortex_m.a(fault_s.S.obj)
                0x0000000000006170                z_arm_bus_fault
                0x0000000000006170                z_arm_usage_fault
                0x0000000000006170                z_arm_mpu_fault
                0x0000000000006170                z_arm_exc_spurious
                0x0000000000006170                z_arm_debug_monitor
                0x0000000000006170                z_arm_hard_fault
 .text._reset_section
                0x0000000000006184       0x34 zephyr/arch/arch/arm/core/cortex_m/libarch__arm__core__cortex_m.a(reset.S.obj)
                0x0000000000006184                z_arm_reset
                0x0000000000006184                __start
 .text.z_impl_k_thread_abort
                0x00000000000061b8       0x2c zephyr/arch/arch/arm/core/cortex_m/libarch__arm__core__cortex_m.a(thread_abort.c.obj)
                0x00000000000061b8                z_impl_k_thread_abort
 .text.z_arm_pendsv
                0x00000000000061e4       0x90 zephyr/arch/arch/arm/core/cortex_m/libarch__arm__core__cortex_m.a(swap_helper.S.obj)
                0x00000000000061e4                z_arm_pendsv
 .text.z_arm_svc
                0x0000000000006274       0x24 zephyr/arch/arch/arm/core/cortex_m/libarch__arm__core__cortex_m.a(swap_helper.S.obj)
                0x0000000000006274                z_arm_svc
 .text.arm_irq_enable
                0x0000000000006298       0x1c zephyr/arch/arch/arm/core/cortex_m/libarch__arm__core__cortex_m.a(irq_manage.c.obj)
                0x0000000000006298                arm_irq_enable
 .text.arm_irq_disable
                0x00000000000062b4       0x28 zephyr/arch/arch/arm/core/cortex_m/libarch__arm__core__cortex_m.a(irq_manage.c.obj)
                0x00000000000062b4                arm_irq_disable
 .text.arm_irq_priority_set
                0x00000000000062dc       0x30 zephyr/arch/arch/arm/core/cortex_m/libarch__arm__core__cortex_m.a(irq_manage.c.obj)
                0x00000000000062dc                arm_irq_priority_set
 .text.relocate_vector_table
                0x000000000000630c       0x1c zephyr/arch/arch/arm/core/cortex_m/libarch__arm__core__cortex_m.a(prep_c.c.obj)
                0x000000000000630c                relocate_vector_table
 .text.z_prep_c
                0x0000000000006328       0x4c zephyr/arch/arch/arm/core/cortex_m/libarch__arm__core__cortex_m.a(prep_c.c.obj)
                0x0000000000006328                z_prep_c
 .text.arch_new_thread
                0x0000000000006374       0x40 zephyr/arch/arch/arm/core/cortex_m/libarch__arm__core__cortex_m.a(thread.c.obj)
                0x0000000000006374                arch_new_thread
 .text.arch_float_disable
                0x00000000000063b4       0x48 zephyr/arch/arch/arm/core/cortex_m/libarch__arm__core__cortex_m.a(thread.c.obj)
                0x00000000000063b4                arch_float_disable
 .text.arch_switch_to_main_thread
                0x00000000000063fc       0x54 zephyr/arch/arch/arm/core/cortex_m/libarch__arm__core__cortex_m.a(thread.c.obj)
                0x00000000000063fc                arch_switch_to_main_thread
 .text.z_arm_cpu_idle_init
                0x0000000000006450        0xc zephyr/arch/arch/arm/core/cortex_m/libarch__arm__core__cortex_m.a(cpu_idle.c.obj)
                0x0000000000006450                z_arm_cpu_idle_init
 .text.z_arm_interrupt_init
                0x000000000000645c       0x18 zephyr/arch/arch/arm/core/cortex_m/libarch__arm__core__cortex_m.a(irq_init.c.obj)
                0x000000000000645c                z_arm_interrupt_init
 .text._isr_wrapper
                0x0000000000006474       0x24 zephyr/arch/arch/arm/core/cortex_m/libarch__arm__core__cortex_m.a(isr_wrapper.c.obj)
                0x0000000000006474                _isr_wrapper
 .text.cbvprintf
                0x0000000000006498       0x38 zephyr/lib/libc/picolibc/liblib__libc__picolibc.a(cbprintf.c.obj)
                0x0000000000006498                cbvprintf
 .text.z_impl_zephyr_fputc
                0x00000000000064d0       0x10 zephyr/lib/libc/picolibc/liblib__libc__picolibc.a(stdio.c.obj)
                0x00000000000064d0                z_impl_zephyr_fputc
 .text.__stdout_hook_install
                0x00000000000064e0       0x18 zephyr/lib/libc/picolibc/liblib__libc__picolibc.a(stdio.c.obj)
                0x00000000000064e0                __stdout_hook_install
 .text.malloc_prepare
                0x00000000000064f8       0x24 zephyr/lib/libc/common/liblib__libc__common.a(malloc.c.obj)
 .text.gpio_ra_isr
                0x000000000000651c       0x2c zephyr/drivers/misc/renesas_ra_external_interrupt/libdrivers__misc__renesas_ra_external_interrupt.a(renesas_ra_external_interrupt.c.obj)
                0x000000000000651c                gpio_ra_isr
 .text.gpio_ra_irq_init0
                0x0000000000006548       0x24 zephyr/drivers/misc/renesas_ra_external_interrupt/libdrivers__misc__renesas_ra_external_interrupt.a(renesas_ra_external_interrupt.c.obj)
 .text.gpio_ra_irq_init1
                0x000000000000656c       0x24 zephyr/drivers/misc/renesas_ra_external_interrupt/libdrivers__misc__renesas_ra_external_interrupt.a(renesas_ra_external_interrupt.c.obj)
 .text.clock_control_renesas_ra_on
                0x0000000000006590       0x28 zephyr/drivers/clock_control/libdrivers__clock_control.a(clock_control_renesas_ra_cgc.c.obj)
 .text.clock_control_renesas_ra_off
                0x00000000000065b8       0x28 zephyr/drivers/clock_control/libdrivers__clock_control.a(clock_control_renesas_ra_cgc.c.obj)
 .text.uart_console_init
                0x00000000000065e0       0x28 zephyr/drivers/console/libdrivers__console.a(uart_console.c.obj)
 .text.console_out
                0x0000000000006608       0x28 zephyr/drivers/console/libdrivers__console.a(uart_console.c.obj)
 .text.gpio_ra_pin_configure
                0x0000000000006630      0x144 zephyr/drivers/gpio/libdrivers__gpio.a(gpio_renesas_ra_ioport.c.obj)
 .text.gpio_ra_pin_interrupt_configure
                0x0000000000006774       0x4c zephyr/drivers/gpio/libdrivers__gpio.a(gpio_renesas_ra_ioport.c.obj)
 .text.led_gpio_init
                0x00000000000067c0      0x108 zephyr/drivers/led/libdrivers__led.a(led_gpio.c.obj)
 .text.pinctrl_configure_pins
                0x00000000000068c8       0x78 zephyr/drivers/pinctrl/libdrivers__pinctrl.a(pinctrl_ra.c.obj)
                0x00000000000068c8                pinctrl_configure_pins
 .text.uart_ra_sci_irq_err_enable
                0x0000000000006940       0x24 zephyr/drivers/serial/libdrivers__serial.a(uart_renesas_ra_sci.c.obj)
 .text.uart_ra_sci_irq_err_disable
                0x0000000000006964       0x2c zephyr/drivers/serial/libdrivers__serial.a(uart_renesas_ra_sci.c.obj)
 .text.uart_ra_sci_rxi_isr
                0x0000000000006990       0x28 zephyr/drivers/serial/libdrivers__serial.a(uart_renesas_ra_sci.c.obj)
 .text.uart_ra_sci_txi_isr
                0x00000000000069b8       0x28 zephyr/drivers/serial/libdrivers__serial.a(uart_renesas_ra_sci.c.obj)
 .text.uart_ra_sci_tei_isr
                0x00000000000069e0       0x28 zephyr/drivers/serial/libdrivers__serial.a(uart_renesas_ra_sci.c.obj)
 .text.uart_ra_sci_eri_isr
                0x0000000000006a08       0x28 zephyr/drivers/serial/libdrivers__serial.a(uart_renesas_ra_sci.c.obj)
 .text.uart_ra_sci_apply_config
                0x0000000000006a30       0x98 zephyr/drivers/serial/libdrivers__serial.a(uart_renesas_ra_sci.c.obj)
 .text.uart_ra_sci_init0
                0x0000000000006ac8       0xc4 zephyr/drivers/serial/libdrivers__serial.a(uart_renesas_ra_sci.c.obj)
 .text.elapsed  0x0000000000006b8c       0x4c zephyr/drivers/timer/libdrivers__timer.a(cortex_m_systick.c.obj)
 .text.sys_clock_driver_init
                0x0000000000006bd8       0x38 zephyr/drivers/timer/libdrivers__timer.a(cortex_m_systick.c.obj)
 .text.sys_clock_isr
                0x0000000000006c10       0x50 zephyr/drivers/timer/libdrivers__timer.a(cortex_m_systick.c.obj)
                0x0000000000006c10                sys_clock_isr
 .text.sys_clock_set_timeout
                0x0000000000006c60       0xe8 zephyr/drivers/timer/libdrivers__timer.a(cortex_m_systick.c.obj)
                0x0000000000006c60                sys_clock_set_timeout
 .text.sys_clock_elapsed
                0x0000000000006d48       0x3c zephyr/drivers/timer/libdrivers__timer.a(cortex_m_systick.c.obj)
                0x0000000000006d48                sys_clock_elapsed
 .text.bsp_prv_operating_mode_opccr_set
                0x0000000000006d84       0x34 modules/hal_renesas/lib..__modules__hal__renesas.a(bsp_clocks.c.obj)
 .text.SystemCoreClockUpdate
                0x0000000000006db8       0x28 modules/hal_renesas/lib..__modules__hal__renesas.a(bsp_clocks.c.obj)
                0x0000000000006db8                SystemCoreClockUpdate
 .text.bsp_clock_init
                0x0000000000006de0       0x90 modules/hal_renesas/lib..__modules__hal__renesas.a(bsp_clocks.c.obj)
                0x0000000000006de0                bsp_clock_init
 .text.R_BSP_SourceClockHzGet
                0x0000000000006e70        0xc modules/hal_renesas/lib..__modules__hal__renesas.a(bsp_clocks.c.obj)
                0x0000000000006e70                R_BSP_SourceClockHzGet
 .text.R_BSP_RegisterProtectEnable
                0x0000000000006e7c       0x58 modules/hal_renesas/lib..__modules__hal__renesas.a(bsp_register_protection.c.obj)
                0x0000000000006e7c                R_BSP_RegisterProtectEnable
 .text.R_BSP_RegisterProtectDisable
                0x0000000000006ed4       0x50 modules/hal_renesas/lib..__modules__hal__renesas.a(bsp_register_protection.c.obj)
                0x0000000000006ed4                R_BSP_RegisterProtectDisable
 .text.R_BSP_IrqStatusClear
                0x0000000000006f24       0x1c modules/hal_renesas/lib..__modules__hal__renesas.a(r_sci_uart.c.obj)
 .text.R_BSP_IrqDisable
                0x0000000000006f40       0x20 modules/hal_renesas/lib..__modules__hal__renesas.a(r_sci_uart.c.obj)
 .text.R_SCI_UART_Close
                0x0000000000006f60       0x64 modules/hal_renesas/lib..__modules__hal__renesas.a(r_sci_uart.c.obj)
                0x0000000000006f60                R_SCI_UART_Close
 .text.R_SCI_UART_Open
                0x0000000000006fc4      0x228 modules/hal_renesas/lib..__modules__hal__renesas.a(r_sci_uart.c.obj)
                0x0000000000006fc4                R_SCI_UART_Open
 .text.R_SCI_UART_BaudCalculate
                0x00000000000071ec      0x168 modules/hal_renesas/lib..__modules__hal__renesas.a(r_sci_uart.c.obj)
                0x00000000000071ec                R_SCI_UART_BaudCalculate
 .text.k_sys_fatal_error_handler
                0x0000000000007354       0x20 zephyr/kernel/libkernel.a(fatal.c.obj)
                0x0000000000007354                k_sys_fatal_error_handler
 .text.z_fatal_error
                0x0000000000007374       0xe8 zephyr/kernel/libkernel.a(fatal.c.obj)
                0x0000000000007374                z_fatal_error
 .text.z_sys_init_run_level
                0x000000000000745c       0x30 zephyr/kernel/libkernel.a(init.c.obj)
 .text.bg_thread_main
                0x000000000000748c       0xc0 zephyr/kernel/libkernel.a(init.c.obj)
 .text.z_init_cpu
                0x000000000000754c       0x68 zephyr/kernel/libkernel.a(init.c.obj)
                0x000000000000754c                z_init_cpu
 .text.z_cstart
                0x00000000000075b4       0xc8 zephyr/kernel/libkernel.a(init.c.obj)
                0x00000000000075b4                z_cstart
 .text.z_impl_k_sem_give
                0x000000000000767c       0x68 zephyr/kernel/libkernel.a(sem.c.obj)
                0x000000000000767c                z_impl_k_sem_give
 .text.z_impl_k_sem_take
                0x00000000000076e4       0x4c zephyr/kernel/libkernel.a(sem.c.obj)
                0x00000000000076e4                z_impl_k_sem_take
 .text.z_setup_new_thread
                0x0000000000007730       0x70 zephyr/kernel/libkernel.a(thread.c.obj)
                0x0000000000007730                z_setup_new_thread
 .text.z_impl_k_thread_create
                0x00000000000077a0       0x58 zephyr/kernel/libkernel.a(thread.c.obj)
                0x00000000000077a0                z_impl_k_thread_create
 .text.z_dummy_thread_init
                0x00000000000077f8       0x14 zephyr/kernel/libkernel.a(thread.c.obj)
                0x00000000000077f8                z_dummy_thread_init
 .text.z_swap_irqlock
                0x000000000000780c       0x30 zephyr/kernel/libkernel.a(sched.c.obj)
 .text.ready_thread
                0x000000000000783c       0x84 zephyr/kernel/libkernel.a(sched.c.obj)
 .text.unready_thread
                0x00000000000078c0       0x54 zephyr/kernel/libkernel.a(sched.c.obj)
 .text.add_thread_timeout
                0x0000000000007914       0x1c zephyr/kernel/libkernel.a(sched.c.obj)
 .text.move_current_to_end_of_prio_q
                0x0000000000007930       0x70 zephyr/kernel/libkernel.a(sched.c.obj)
                0x0000000000007930                move_current_to_end_of_prio_q
 .text.z_pend_curr
                0x00000000000079a0       0x44 zephyr/kernel/libkernel.a(sched.c.obj)
                0x00000000000079a0                z_pend_curr
 .text.z_reschedule
                0x00000000000079e4       0x24 zephyr/kernel/libkernel.a(sched.c.obj)
                0x00000000000079e4                z_reschedule
 .text.z_reschedule_irqlock
                0x0000000000007a08       0x28 zephyr/kernel/libkernel.a(sched.c.obj)
                0x0000000000007a08                z_reschedule_irqlock
 .text.k_sched_lock
                0x0000000000007a30       0x28 zephyr/kernel/libkernel.a(sched.c.obj)
                0x0000000000007a30                k_sched_lock
 .text.k_sched_unlock
                0x0000000000007a58       0x68 zephyr/kernel/libkernel.a(sched.c.obj)
                0x0000000000007a58                k_sched_unlock
 .text.z_sched_init
                0x0000000000007ac0       0x10 zephyr/kernel/libkernel.a(sched.c.obj)
                0x0000000000007ac0                z_sched_init
 .text.z_impl_k_yield
                0x0000000000007ad0       0x88 zephyr/kernel/libkernel.a(sched.c.obj)
                0x0000000000007ad0                z_impl_k_yield
 .text.z_tick_sleep
                0x0000000000007b58       0x78 zephyr/kernel/libkernel.a(sched.c.obj)
 .text.z_impl_k_wakeup
                0x0000000000007bd0       0x48 zephyr/kernel/libkernel.a(sched.c.obj)
                0x0000000000007bd0                z_impl_k_wakeup
 .text.z_impl_k_sched_current_thread_query
                0x0000000000007c18        0xc zephyr/kernel/libkernel.a(sched.c.obj)
                0x0000000000007c18                z_impl_k_sched_current_thread_query
 .text.z_thread_abort
                0x0000000000007c24      0x140 zephyr/kernel/libkernel.a(sched.c.obj)
                0x0000000000007c24                z_thread_abort
 .text.slice_timeout
                0x0000000000007d64       0x20 zephyr/kernel/libkernel.a(timeslicing.c.obj)
 .text.thread_is_sliceable
                0x0000000000007d84       0x3c zephyr/kernel/libkernel.a(timeslicing.c.obj)
                0x0000000000007d84                thread_is_sliceable
 .text.z_reset_time_slice
                0x0000000000007dc0       0x50 zephyr/kernel/libkernel.a(timeslicing.c.obj)
                0x0000000000007dc0                z_reset_time_slice
 .text.z_time_slice
                0x0000000000007e10       0x5c zephyr/kernel/libkernel.a(timeslicing.c.obj)
                0x0000000000007e10                z_time_slice
 .text.first    0x0000000000007e6c       0x10 zephyr/kernel/libkernel.a(timeout.c.obj)
 .text.elapsed  0x0000000000007e7c       0x14 zephyr/kernel/libkernel.a(timeout.c.obj)
 .text.remove_timeout
                0x0000000000007e90       0x38 zephyr/kernel/libkernel.a(timeout.c.obj)
 .text.z_add_timeout
                0x0000000000007ec8      0x120 zephyr/kernel/libkernel.a(timeout.c.obj)
                0x0000000000007ec8                z_add_timeout
 .text.sys_clock_announce
                0x0000000000007fe8       0xb4 zephyr/kernel/libkernel.a(timeout.c.obj)
                0x0000000000007fe8                sys_clock_announce
 .text.sys_clock_tick_get
                0x000000000000809c       0x30 zephyr/kernel/libkernel.a(timeout.c.obj)
                0x000000000000809c                sys_clock_tick_get
 .text.z_timer_expiration_handler
                0x00000000000080cc      0x104 zephyr/kernel/libkernel.a(timer.c.obj)
                0x00000000000080cc                z_timer_expiration_handler
 .text.z_impl_k_timer_start
                0x00000000000081d0       0x70 zephyr/kernel/libkernel.a(timer.c.obj)
                0x00000000000081d0                z_impl_k_timer_start
 .text.boot_banner
                0x0000000000008240        0xc zephyr/kernel/libkernel.a(banner.c.obj)
                0x0000000000008240                boot_banner
 .text.snprintf
                0x000000000000824c       0x54 /home/pecosdwilly/zephyr-sdk-0.17.4/arm-zephyr-eabi/bin/../lib/gcc/../../picolibc/arm-zephyr-eabi/lib/thumb/v7e-m+fp/hard/libc.a(libc_tinystdio_snprintf.c.o)
                0x000000000000824c                snprintf
 .text.skip_to_arg
                0x00000000000082a0      0x138 /home/pecosdwilly/zephyr-sdk-0.17.4/arm-zephyr-eabi/bin/../lib/gcc/../../picolibc/arm-zephyr-eabi/lib/thumb/v7e-m+fp/hard/libc.a(libc_tinystdio_vfprintf.c.o)
 .text.vfprintf
                0x00000000000083d8      0x9bc /home/pecosdwilly/zephyr-sdk-0.17.4/arm-zephyr-eabi/bin/../lib/gcc/../../picolibc/arm-zephyr-eabi/lib/thumb/v7e-m+fp/hard/libc.a(libc_tinystdio_vfprintf.c.o)
                0x00000000000083d8                __d_vfprintf
 .text.div10    0x0000000000008d94       0x28 /home/pecosdwilly/zephyr-sdk-0.17.4/arm-zephyr-eabi/bin/../lib/gcc/../../picolibc/arm-zephyr-eabi/lib/thumb/v7e-m+fp/hard/libc.a(libc_tinystdio_dtoa_ryu.c.o)
 .text.__dtoa_engine
                0x0000000000008dbc      0x4b0 /home/pecosdwilly/zephyr-sdk-0.17.4/arm-zephyr-eabi/bin/../lib/gcc/../../picolibc/arm-zephyr-eabi/lib/thumb/v7e-m+fp/hard/libc.a(libc_tinystdio_dtoa_ryu.c.o)
                0x0000000000008dbc                __dtoa_engine
 .text.__log10Pow2
                0x000000000000926c        0xc /home/pecosdwilly/zephyr-sdk-0.17.4/arm-zephyr-eabi/bin/../lib/gcc/../../picolibc/arm-zephyr-eabi/lib/thumb/v7e-m+fp/hard/libc.a(libc_tinystdio_ryu_log10.c.o)
                0x000000000000926c                __log10Pow2
 .text.__log10Pow5
                0x0000000000009278        0xc /home/pecosdwilly/zephyr-sdk-0.17.4/arm-zephyr-eabi/bin/../lib/gcc/../../picolibc/arm-zephyr-eabi/lib/thumb/v7e-m+fp/hard/libc.a(libc_tinystdio_ryu_log10.c.o)
                0x0000000000009278                __log10Pow5
 .text.__pow5bits
                0x0000000000009284       0x10 /home/pecosdwilly/zephyr-sdk-0.17.4/arm-zephyr-eabi/bin/../lib/gcc/../../picolibc/arm-zephyr-eabi/lib/thumb/v7e-m+fp/hard/libc.a(libc_tinystdio_ryu_pow5bits.c.o)
                0x0000000000009284                __pow5bits
 .text.__pow5Factor
                0x0000000000009294       0x30 /home/pecosdwilly/zephyr-sdk-0.17.4/arm-zephyr-eabi/bin/../lib/gcc/../../picolibc/arm-zephyr-eabi/lib/thumb/v7e-m+fp/hard/libc.a(libc_tinystdio_ryu_table.c.o)
                0x0000000000009294                __pow5Factor
 .text.__double_computePow5
                0x00000000000092c4       0xe8 /home/pecosdwilly/zephyr-sdk-0.17.4/arm-zephyr-eabi/bin/../lib/gcc/../../picolibc/arm-zephyr-eabi/lib/thumb/v7e-m+fp/hard/libc.a(libc_tinystdio_ryu_table.c.o)
                0x00000000000092c4                __double_computePow5
 .text.__double_computeInvPow5
                0x00000000000093ac       0xf8 /home/pecosdwilly/zephyr-sdk-0.17.4/arm-zephyr-eabi/bin/../lib/gcc/../../picolibc/arm-zephyr-eabi/lib/thumb/v7e-m+fp/hard/libc.a(libc_tinystdio_ryu_table.c.o)
                0x00000000000093ac                __double_computeInvPow5
 .text.sinf     0x00000000000094a4       0x90 /home/pecosdwilly/zephyr-sdk-0.17.4/arm-zephyr-eabi/bin/../lib/gcc/../../picolibc/arm-zephyr-eabi/lib/thumb/v7e-m+fp/hard/libc.a(libm_math_sf_sin.c.o)
                0x00000000000094a4                _sinf
                0x00000000000094a4                sinf
 .text.__math_invalidf
                0x0000000000009534       0x28 /home/pecosdwilly/zephyr-sdk-0.17.4/arm-zephyr-eabi/bin/../lib/gcc/../../picolibc/arm-zephyr-eabi/lib/thumb/v7e-m+fp/hard/libc.a(libm_common_math_errf_invalidf.c.o)
                0x0000000000009534                __math_invalidf
 .text.__kernel_cosf
                0x000000000000955c       0xb0 /home/pecosdwilly/zephyr-sdk-0.17.4/arm-zephyr-eabi/bin/../lib/gcc/../../picolibc/arm-zephyr-eabi/lib/thumb/v7e-m+fp/hard/libc.a(libm_math_kf_cos.c.o)
                0x000000000000955c                __kernel_cosf
 .text.__kernel_sinf
                0x000000000000960c       0x90 /home/pecosdwilly/zephyr-sdk-0.17.4/arm-zephyr-eabi/bin/../lib/gcc/../../picolibc/arm-zephyr-eabi/lib/thumb/v7e-m+fp/hard/libc.a(libm_math_kf_sin.c.o)
                0x000000000000960c                __kernel_sinf
 .text.__rem_pio2f
                0x000000000000969c      0x258 /home/pecosdwilly/zephyr-sdk-0.17.4/arm-zephyr-eabi/bin/../lib/gcc/../../picolibc/arm-zephyr-eabi/lib/thumb/v7e-m+fp/hard/libc.a(libm_math_sf_rem_pio2.c.o)
                0x000000000000969c                __rem_pio2f
 .text.__math_inexactf
                0x00000000000098f4       0x1c /home/pecosdwilly/zephyr-sdk-0.17.4/arm-zephyr-eabi/bin/../lib/gcc/../../picolibc/arm-zephyr-eabi/lib/thumb/v7e-m+fp/hard/libc.a(libm_common_math_inexactf.c.o)
                0x00000000000098f4                __math_inexactf
 .text.__kernel_rem_pio2f
                0x0000000000009910      0x4fc /home/pecosdwilly/zephyr-sdk-0.17.4/arm-zephyr-eabi/bin/../lib/gcc/../../picolibc/arm-zephyr-eabi/lib/thumb/v7e-m+fp/hard/libc.a(libm_math_kf_rem_pio2.c.o)
                0x0000000000009910                __kernel_rem_pio2f
 .text.scalbnf  0x0000000000009e0c       0x8c /home/pecosdwilly/zephyr-sdk-0.17.4/arm-zephyr-eabi/bin/../lib/gcc/../../picolibc/arm-zephyr-eabi/lib/thumb/v7e-m+fp/hard/libc.a(libm_common_sf_scalbn.c.o)
                0x0000000000009e0c                ldexpf
                0x0000000000009e0c                scalbnf
 .text.__math_uflowf
                0x0000000000009e98       0x20 /home/pecosdwilly/zephyr-sdk-0.17.4/arm-zephyr-eabi/bin/../lib/gcc/../../picolibc/arm-zephyr-eabi/lib/thumb/v7e-m+fp/hard/libc.a(libm_common_math_errf_uflowf.c.o)
                0x0000000000009e98                __math_uflowf
 .text.__math_oflowf
                0x0000000000009eb8       0x20 /home/pecosdwilly/zephyr-sdk-0.17.4/arm-zephyr-eabi/bin/../lib/gcc/../../picolibc/arm-zephyr-eabi/lib/thumb/v7e-m+fp/hard/libc.a(libm_common_math_errf_oflowf.c.o)
                0x0000000000009eb8                __math_oflowf
 .text.floorf   0x0000000000009ed8       0x60 /home/pecosdwilly/zephyr-sdk-0.17.4/arm-zephyr-eabi/bin/../lib/gcc/../../picolibc/arm-zephyr-eabi/lib/thumb/v7e-m+fp/hard/libc.a(libm_machine_arm_sf_floor.c.o)
                0x0000000000009ed8                floorf
 .text._OffsetAbsSyms
                0x0000000000009f38        0x2 zephyr/CMakeFiles/offsets.dir/./arch/arm/core/offsets/offsets.c.obj
                0x0000000000009f38                _OffsetAbsSyms
 .text.gpio_pin_set_dt.isra.0
                0x0000000000009f3a       0x28 app/libapp.a(main.c.obj)
 .text.gpio_pin_configure_dt.constprop.0.isra.0
                0x0000000000009f62       0x34 app/libapp.a(main.c.obj)
 .text.chunk_size
                0x0000000000009f96        0xa zephyr/libzephyr.a(heap.c.obj)
 .text.free_list_add
                0x0000000000009fa0       0x4e zephyr/libzephyr.a(heap.c.obj)
 .text.sys_heap_init
                0x0000000000009fee       0x7a zephyr/libzephyr.a(heap.c.obj)
                0x0000000000009fee                sys_heap_init
 .text.cbpprintf_external
                0x000000000000a068       0x62 zephyr/libzephyr.a(cbprintf_packaged.c.obj)
                0x000000000000a068                cbpprintf_external
 .text.is_ptr   0x000000000000a0ca       0x4a zephyr/libzephyr.a(cbprintf_packaged.c.obj)
                0x000000000000a0ca                is_ptr
 .text.arch_printk_char_out
                0x000000000000a114        0x4 zephyr/libzephyr.a(printk.c.obj)
                0x000000000000a114                arch_printk_char_out
 .text.printk   0x000000000000a118       0x1a zephyr/libzephyr.a(printk.c.obj)
                0x000000000000a118                printk
 .text.free_space
                0x000000000000a132       0x26 zephyr/libzephyr.a(mpsc_pbuf.c.obj)
 .text.get_usage
                0x000000000000a158       0x22 zephyr/libzephyr.a(mpsc_pbuf.c.obj)
 .text.idx_inc  0x000000000000a17a       0x1c zephyr/libzephyr.a(mpsc_pbuf.c.obj)
 .text.rd_idx_inc
                0x000000000000a196       0x18 zephyr/libzephyr.a(mpsc_pbuf.c.obj)
 .text.add_skip_item
                0x000000000000a1ae       0x3a zephyr/libzephyr.a(mpsc_pbuf.c.obj)
 .text.drop_item_locked
                0x000000000000a1e8       0xfe zephyr/libzephyr.a(mpsc_pbuf.c.obj)
 .text.post_drop_action
                0x000000000000a2e6       0x36 zephyr/libzephyr.a(mpsc_pbuf.c.obj)
 .text.max_utilization_update
                0x000000000000a31c       0x1a zephyr/libzephyr.a(mpsc_pbuf.c.obj)
 .text.mpsc_pbuf_init
                0x000000000000a336       0x42 zephyr/libzephyr.a(mpsc_pbuf.c.obj)
                0x000000000000a336                mpsc_pbuf_init
 .text.mpsc_pbuf_alloc
                0x000000000000a378       0xfe zephyr/libzephyr.a(mpsc_pbuf.c.obj)
                0x000000000000a378                mpsc_pbuf_alloc
 .text.mpsc_pbuf_commit
                0x000000000000a476       0x3e zephyr/libzephyr.a(mpsc_pbuf.c.obj)
                0x000000000000a476                mpsc_pbuf_commit
 .text.mpsc_pbuf_claim
                0x000000000000a4b4       0xb6 zephyr/libzephyr.a(mpsc_pbuf.c.obj)
                0x000000000000a4b4                mpsc_pbuf_claim
 .text.mpsc_pbuf_free
                0x000000000000a56a       0x76 zephyr/libzephyr.a(mpsc_pbuf.c.obj)
                0x000000000000a56a                mpsc_pbuf_free
 .text.mpsc_pbuf_is_pending
                0x000000000000a5e0       0x32 zephyr/libzephyr.a(mpsc_pbuf.c.obj)
                0x000000000000a5e0                mpsc_pbuf_is_pending
 .text._ConfigAbsSyms
                0x000000000000a612        0x2 zephyr/libzephyr.a(configs.c.obj)
                0x000000000000a612                _ConfigAbsSyms
 .text.log_msg_generic_get_wlen
                0x000000000000a614       0x20 zephyr/libzephyr.a(log_core.c.obj)
 .text.dummy_timestamp
                0x000000000000a634        0x4 zephyr/libzephyr.a(log_core.c.obj)
 .text.atomic_inc
                0x000000000000a638       0x1a zephyr/libzephyr.a(log_core.c.obj)
 .text.default_lf_get_timestamp
                0x000000000000a652       0x10 zephyr/libzephyr.a(log_core.c.obj)
 .text.z_log_vprintk
                0x000000000000a662       0x1c zephyr/libzephyr.a(log_core.c.obj)
                0x000000000000a662                z_log_vprintk
 .text.z_log_notify_drop
                0x000000000000a67e        0x6 zephyr/libzephyr.a(log_core.c.obj)
 .text.z_log_get_tag
                0x000000000000a684        0x4 zephyr/libzephyr.a(log_core.c.obj)
                0x000000000000a684                z_log_get_tag
 .text.log_backend_enable
                0x000000000000a688       0x12 zephyr/libzephyr.a(log_mgmt.c.obj)
                0x000000000000a688                log_backend_enable
 .text.z_cbprintf_cpy
                0x000000000000a69a       0x2e zephyr/libzephyr.a(log_msg.c.obj)
 .text.z_log_msg_finalize
                0x000000000000a6c8       0x32 zephyr/libzephyr.a(log_msg.c.obj)
                0x000000000000a6c8                z_log_msg_finalize
 .text.z_log_msg_simple_create
                0x000000000000a6fa       0x6e zephyr/libzephyr.a(log_msg.c.obj)
 .text.z_impl_z_log_msg_simple_create_0
                0x000000000000a768       0x12 zephyr/libzephyr.a(log_msg.c.obj)
                0x000000000000a768                z_impl_z_log_msg_simple_create_0
 .text.z_impl_z_log_msg_simple_create_1
                0x000000000000a77a       0x14 zephyr/libzephyr.a(log_msg.c.obj)
                0x000000000000a77a                z_impl_z_log_msg_simple_create_1
 .text.log_output_write
                0x000000000000a78e       0x1c zephyr/libzephyr.a(log_output.c.obj)
 .text.log_output_flush
                0x000000000000a7aa       0x1a zephyr/libzephyr.a(log_output.c.obj)
 .text.out_func
                0x000000000000a7c4       0x36 zephyr/libzephyr.a(log_output.c.obj)
 .text.cr_out_func
                0x000000000000a7fa       0x1c zephyr/libzephyr.a(log_output.c.obj)
 .text.log_output_msg_process
                0x000000000000a816       0x6a zephyr/libzephyr.a(log_output.c.obj)
                0x000000000000a816                log_output_msg_process
 .text.format_set
                0x000000000000a880        0xc zephyr/libzephyr.a(log_backend_uart.c.obj)
 .text.log_backend_uart_init
                0x000000000000a88c        0xc zephyr/libzephyr.a(log_backend_uart.c.obj)
 .text.panic    0x000000000000a898       0x32 zephyr/libzephyr.a(log_backend_uart.c.obj)
 .text.dropped  0x000000000000a8ca        0xa zephyr/libzephyr.a(log_backend_uart.c.obj)
 .text.process  0x000000000000a8d4       0x1e zephyr/libzephyr.a(log_backend_uart.c.obj)
 .text.arch_early_memset
                0x000000000000a8f2        0x4 zephyr/arch/common/libarch__common.a(init.c.obj)
                0x000000000000a8f2                arch_early_memset
 .text.arch_early_memcpy
                0x000000000000a8f6        0x4 zephyr/arch/common/libarch__common.a(init.c.obj)
                0x000000000000a8f6                arch_early_memcpy
 .text.z_do_kernel_oops
                0x000000000000a8fa        0x8 zephyr/arch/arch/arm/core/libarch__arm__core.a(fatal.c.obj)
                0x000000000000a8fa                z_do_kernel_oops
 .text.z_arm_nmi
                0x000000000000a902        0xe zephyr/arch/arch/arm/core/libarch__arm__core.a(nmi.c.obj)
                0x000000000000a902                z_arm_nmi
 .text.z_log_msg_simple_create_0.constprop.0
                0x000000000000a910        0x8 zephyr/arch/arch/arm/core/cortex_m/libarch__arm__core__cortex_m.a(fault.c.obj)
 .text.z_irq_spurious
                0x000000000000a918        0x8 zephyr/arch/arch/arm/core/cortex_m/libarch__arm__core__cortex_m.a(irq_manage.c.obj)
                0x000000000000a918                z_irq_spurious
 .text.arch_coprocessors_disable
                0x000000000000a920        0x4 zephyr/arch/arch/arm/core/cortex_m/libarch__arm__core__cortex_m.a(thread.c.obj)
                0x000000000000a920                arch_coprocessors_disable
 .text.arch_irq_unlock_outlined
                0x000000000000a924        0xe zephyr/arch/arch/arm/core/cortex_m/libarch__arm__core__cortex_m.a(thread.c.obj)
                0x000000000000a924                arch_irq_unlock_outlined
 .text.arch_cpu_idle
                0x000000000000a932       0x1a zephyr/arch/arch/arm/core/cortex_m/libarch__arm__core__cortex_m.a(cpu_idle.c.obj)
                0x000000000000a932                arch_cpu_idle
 .text.cbputc   0x000000000000a94c        0xc zephyr/lib/libc/picolibc/liblib__libc__picolibc.a(cbprintf.c.obj)
 .text.picolibc_put
                0x000000000000a958        0xa zephyr/lib/libc/picolibc/liblib__libc__picolibc.a(stdio.c.obj)
 .text.gpio_ra_interrupt_init
                0x000000000000a962       0x28 zephyr/drivers/misc/renesas_ra_external_interrupt/libdrivers__misc__renesas_ra_external_interrupt.a(renesas_ra_external_interrupt.c.obj)
 .text.gpio_ra_interrupt_set
                0x000000000000a98a       0x8e zephyr/drivers/misc/renesas_ra_external_interrupt/libdrivers__misc__renesas_ra_external_interrupt.a(renesas_ra_external_interrupt.c.obj)
                0x000000000000a98a                gpio_ra_interrupt_set
 .text.gpio_ra_interrupt_unset
                0x000000000000aa18       0x26 zephyr/drivers/misc/renesas_ra_external_interrupt/libdrivers__misc__renesas_ra_external_interrupt.a(renesas_ra_external_interrupt.c.obj)
                0x000000000000aa18                gpio_ra_interrupt_unset
 .text.clock_control_ra_init_pclk
                0x000000000000aa3e        0x4 zephyr/drivers/clock_control/libdrivers__clock_control.a(clock_control_renesas_ra_cgc.c.obj)
 .text.clock_control_renesas_ra_get_rate
                0x000000000000aa42       0x20 zephyr/drivers/clock_control/libdrivers__clock_control.a(clock_control_renesas_ra_cgc.c.obj)
 .text.clock_control_ra_init
                0x000000000000aa62        0xa zephyr/drivers/clock_control/libdrivers__clock_control.a(clock_control_renesas_ra_cgc.c.obj)
 .text.gpio_ra_port_get_raw
                0x000000000000aa6c        0xe zephyr/drivers/gpio/libdrivers__gpio.a(gpio_renesas_ra_ioport.c.obj)
 .text.gpio_ra_port_set_masked_raw
                0x000000000000aa7a       0x16 zephyr/drivers/gpio/libdrivers__gpio.a(gpio_renesas_ra_ioport.c.obj)
 .text.gpio_ra_port_set_bits_raw
                0x000000000000aa90       0x10 zephyr/drivers/gpio/libdrivers__gpio.a(gpio_renesas_ra_ioport.c.obj)
 .text.gpio_ra_port_clear_bits_raw
                0x000000000000aaa0       0x12 zephyr/drivers/gpio/libdrivers__gpio.a(gpio_renesas_ra_ioport.c.obj)
 .text.gpio_ra_port_toggle_bits
                0x000000000000aab2       0x10 zephyr/drivers/gpio/libdrivers__gpio.a(gpio_renesas_ra_ioport.c.obj)
 .text.gpio_ra_manage_callback
                0x000000000000aac2       0x52 zephyr/drivers/gpio/libdrivers__gpio.a(gpio_renesas_ra_ioport.c.obj)
 .text.query_irq_info.isra.0
                0x000000000000ab14       0x32 zephyr/drivers/gpio/libdrivers__gpio.a(gpio_renesas_ra_ioport.c.obj)
 .text.gpio_ra_callback_adapter
                0x000000000000ab46       0x30 zephyr/drivers/gpio/libdrivers__gpio.a(gpio_renesas_ra_ioport.c.obj)
 .text.led_gpio_set_brightness
                0x000000000000ab76       0x42 zephyr/drivers/led/libdrivers__led.a(led_gpio.c.obj)
 .text.pinctrl_lookup_state
                0x000000000000abb8       0x26 zephyr/drivers/pinctrl/libdrivers__pinctrl.a(common.c.obj)
                0x000000000000abb8                pinctrl_lookup_state
 .text.uart_ra_sci_poll_in
                0x000000000000abde       0x2a zephyr/drivers/serial/libdrivers__serial.a(uart_renesas_ra_sci.c.obj)
 .text.uart_ra_sci_poll_out
                0x000000000000ac08       0x22 zephyr/drivers/serial/libdrivers__serial.a(uart_renesas_ra_sci.c.obj)
 .text.uart_ra_sci_err_check
                0x000000000000ac2a       0x3a zephyr/drivers/serial/libdrivers__serial.a(uart_renesas_ra_sci.c.obj)
 .text.uart_ra_sci_fifo_fill
                0x000000000000ac64       0x46 zephyr/drivers/serial/libdrivers__serial.a(uart_renesas_ra_sci.c.obj)
 .text.uart_ra_sci_fifo_read
                0x000000000000acaa       0x4e zephyr/drivers/serial/libdrivers__serial.a(uart_renesas_ra_sci.c.obj)
 .text.uart_ra_sci_irq_tx_enable
                0x000000000000acf8       0x22 zephyr/drivers/serial/libdrivers__serial.a(uart_renesas_ra_sci.c.obj)
 .text.uart_ra_sci_irq_tx_disable
                0x000000000000ad1a        0xe zephyr/drivers/serial/libdrivers__serial.a(uart_renesas_ra_sci.c.obj)
 .text.uart_ra_sci_irq_tx_ready
                0x000000000000ad28       0x22 zephyr/drivers/serial/libdrivers__serial.a(uart_renesas_ra_sci.c.obj)
 .text.uart_ra_sci_irq_tx_complete
                0x000000000000ad4a       0x16 zephyr/drivers/serial/libdrivers__serial.a(uart_renesas_ra_sci.c.obj)
 .text.uart_ra_sci_irq_rx_enable
                0x000000000000ad60       0x24 zephyr/drivers/serial/libdrivers__serial.a(uart_renesas_ra_sci.c.obj)
 .text.uart_ra_sci_irq_rx_disable
                0x000000000000ad84        0xe zephyr/drivers/serial/libdrivers__serial.a(uart_renesas_ra_sci.c.obj)
 .text.uart_ra_sci_irq_rx_ready
                0x000000000000ad92       0x2e zephyr/drivers/serial/libdrivers__serial.a(uart_renesas_ra_sci.c.obj)
 .text.uart_ra_sci_irq_is_pending
                0x000000000000adc0       0x50 zephyr/drivers/serial/libdrivers__serial.a(uart_renesas_ra_sci.c.obj)
 .text.uart_ra_sci_irq_update
                0x000000000000ae10       0x1c zephyr/drivers/serial/libdrivers__serial.a(uart_renesas_ra_sci.c.obj)
 .text.uart_ra_sci_irq_callback_set
                0x000000000000ae2c        0x8 zephyr/drivers/serial/libdrivers__serial.a(uart_renesas_ra_sci.c.obj)
 .text.uart_ra_sci_config_get
                0x000000000000ae34        0xe zephyr/drivers/serial/libdrivers__serial.a(uart_renesas_ra_sci.c.obj)
 .text.uart_ra_sci_configure
                0x000000000000ae42       0x4c zephyr/drivers/serial/libdrivers__serial.a(uart_renesas_ra_sci.c.obj)
 .text.R_BSP_IrqEnable
                0x000000000000ae8e       0x28 modules/hal_renesas/lib..__modules__hal__renesas.a(r_sci_uart.c.obj)
 .text.do_device_init
                0x000000000000aeb6       0x30 zephyr/kernel/libkernel.a(device.c.obj)
                0x000000000000aeb6                do_device_init
 .text.z_impl_device_is_ready
                0x000000000000aee6       0x16 zephyr/kernel/libkernel.a(device.c.obj)
                0x000000000000aee6                z_impl_device_is_ready
 .text.arch_system_halt
                0x000000000000aefc       0x10 zephyr/kernel/libkernel.a(fatal.c.obj)
                0x000000000000aefc                arch_system_halt
 .text.idle     0x000000000000af0c       0x16 zephyr/kernel/libkernel.a(idle.c.obj)
                0x000000000000af0c                idle
 .text.z_impl_k_sem_init
                0x000000000000af22       0x18 zephyr/kernel/libkernel.a(sem.c.obj)
                0x000000000000af22                z_impl_k_sem_init
 .text.k_is_in_isr
                0x000000000000af3a        0xc zephyr/kernel/libkernel.a(thread.c.obj)
                0x000000000000af3a                k_is_in_isr
 .text.z_impl_k_thread_name_set
                0x000000000000af46        0x6 zephyr/kernel/libkernel.a(thread.c.obj)
                0x000000000000af46                z_impl_k_thread_name_set
 .text.k_thread_name_get
                0x000000000000af4c        0x4 zephyr/kernel/libkernel.a(thread.c.obj)
                0x000000000000af4c                k_thread_name_get
 .text.sys_dlist_remove
                0x000000000000af50       0x10 zephyr/kernel/libkernel.a(sched.c.obj)
 .text.unpend_thread_no_timeout
                0x000000000000af60       0x14 zephyr/kernel/libkernel.a(sched.c.obj)
 .text.add_to_waitq_locked
                0x000000000000af74       0x50 zephyr/kernel/libkernel.a(sched.c.obj)
 .text.z_ready_thread
                0x000000000000afc4       0x1e zephyr/kernel/libkernel.a(sched.c.obj)
                0x000000000000afc4                z_ready_thread
 .text.z_unpend_thread_no_timeout
                0x000000000000afe2       0x22 zephyr/kernel/libkernel.a(sched.c.obj)
                0x000000000000afe2                z_unpend_thread_no_timeout
 .text.z_sched_wake_thread
                0x000000000000b004       0x3a zephyr/kernel/libkernel.a(sched.c.obj)
                0x000000000000b004                z_sched_wake_thread
 .text.z_thread_timeout
                0x000000000000b03e        0x8 zephyr/kernel/libkernel.a(sched.c.obj)
                0x000000000000b03e                z_thread_timeout
 .text.z_unpend1_no_timeout
                0x000000000000b046       0x2c zephyr/kernel/libkernel.a(sched.c.obj)
                0x000000000000b046                z_unpend1_no_timeout
 .text.z_impl_k_sleep
                0x000000000000b072       0x3e zephyr/kernel/libkernel.a(sched.c.obj)
                0x000000000000b072                z_impl_k_sleep
 .text.next_timeout
                0x000000000000b0b0       0x2e zephyr/kernel/libkernel.a(timeout.c.obj)
 .text.z_abort_timeout
                0x000000000000b0de       0x50 zephyr/kernel/libkernel.a(timeout.c.obj)
                0x000000000000b0de                z_abort_timeout
 .text.sys_clock_tick_get_32
                0x000000000000b12e        0x8 zephyr/kernel/libkernel.a(timeout.c.obj)
                0x000000000000b12e                sys_clock_tick_get_32
 .text.z_impl_k_uptime_ticks
                0x000000000000b136        0x4 zephyr/kernel/libkernel.a(timeout.c.obj)
                0x000000000000b136                z_impl_k_uptime_ticks
 .text.k_timer_init
                0x000000000000b13a       0x18 zephyr/kernel/libkernel.a(timer.c.obj)
                0x000000000000b13a                k_timer_init
 .text.z_impl_k_timer_stop
                0x000000000000b152       0x38 zephyr/kernel/libkernel.a(timer.c.obj)
                0x000000000000b152                z_impl_k_timer_stop
 .text.memcpy   0x000000000000b18a       0x1c /home/pecosdwilly/zephyr-sdk-0.17.4/arm-zephyr-eabi/bin/../lib/gcc/../../picolibc/arm-zephyr-eabi/lib/thumb/v7e-m+fp/hard/libc.a(memcpy.c.o)
                0x000000000000b18a                memcpy
                0x000000000000b18a                __aeabi_memcpy
                0x000000000000b18a                __aeabi_memcpy4
                0x000000000000b18a                __aeabi_memcpy8
 .text.memset   0x000000000000b1a6       0x10 /home/pecosdwilly/zephyr-sdk-0.17.4/arm-zephyr-eabi/bin/../lib/gcc/../../picolibc/arm-zephyr-eabi/lib/thumb/v7e-m+fp/hard/libc.a(memset.c.o)
                0x000000000000b1a6                memset
 .text.strnlen  0x000000000000b1b6       0x18 /home/pecosdwilly/zephyr-sdk-0.17.4/arm-zephyr-eabi/bin/../lib/gcc/../../picolibc/arm-zephyr-eabi/lib/thumb/v7e-m+fp/hard/libc.a(libc_string_strnlen.c.o)
                0x000000000000b1b6                strnlen
 .text.__ultoa_invert
                0x000000000000b1ce       0x50 /home/pecosdwilly/zephyr-sdk-0.17.4/arm-zephyr-eabi/bin/../lib/gcc/../../picolibc/arm-zephyr-eabi/lib/thumb/v7e-m+fp/hard/libc.a(libc_tinystdio_vfprintf.c.o)
 .text.mulShiftAll64
                0x000000000000b21e      0x17a /home/pecosdwilly/zephyr-sdk-0.17.4/arm-zephyr-eabi/bin/../lib/gcc/../../picolibc/arm-zephyr-eabi/lib/thumb/v7e-m+fp/hard/libc.a(libc_tinystdio_dtoa_ryu.c.o)
 .text.__umul128
                0x000000000000b398       0x36 /home/pecosdwilly/zephyr-sdk-0.17.4/arm-zephyr-eabi/bin/../lib/gcc/../../picolibc/arm-zephyr-eabi/lib/thumb/v7e-m+fp/hard/libc.a(libc_tinystdio_ryu_umul128.c.o)
                0x000000000000b398                __umul128
 .text.__shiftright128
                0x000000000000b3ce       0x3e /home/pecosdwilly/zephyr-sdk-0.17.4/arm-zephyr-eabi/bin/../lib/gcc/../../picolibc/arm-zephyr-eabi/lib/thumb/v7e-m+fp/hard/libc.a(libc_tinystdio_ryu_umul128.c.o)
                0x000000000000b3ce                __shiftright128
 .text.__dtox_engine
                0x000000000000b40c      0x12e /home/pecosdwilly/zephyr-sdk-0.17.4/arm-zephyr-eabi/bin/../lib/gcc/../../picolibc/arm-zephyr-eabi/lib/thumb/v7e-m+fp/hard/libc.a(libc_tinystdio_dtox_engine.c.o)
                0x000000000000b40c                __dtox_engine
 .text.__file_str_put
                0x000000000000b53a       0x10 /home/pecosdwilly/zephyr-sdk-0.17.4/arm-zephyr-eabi/bin/../lib/gcc/../../picolibc/arm-zephyr-eabi/lib/thumb/v7e-m+fp/hard/libc.a(libc_tinystdio_filestrput.c.o)
                0x000000000000b53a                __file_str_put
 .text.isnanf   0x000000000000b54a       0x14 /home/pecosdwilly/zephyr-sdk-0.17.4/arm-zephyr-eabi/bin/../lib/gcc/../../picolibc/arm-zephyr-eabi/lib/thumb/v7e-m+fp/hard/libc.a(libm_common_sf_isnan.c.o)
                0x000000000000b54a                isnanf
                0x000000000000b54a                __isnanf
 *(SORT_BY_ALIGNMENT(.TEXT.*))
 *fill*         0x000000000000b55e        0x2 
 .TEXT.__aeabi_read_tp
                0x000000000000b560        0xc zephyr/arch/arch/arm/core/cortex_m/libarch__arm__core__cortex_m.a(__aeabi_read_tp.S.obj)
                0x000000000000b560                __aeabi_read_tp
 *(SORT_BY_ALIGNMENT(.gnu.linkonce.t.*))
 *(SORT_BY_ALIGNMENT(.glue_7t))
 .glue_7t       0x000000000000b56c        0x0 linker stubs
 *(SORT_BY_ALIGNMENT(.glue_7))
 .glue_7        0x000000000000b56c        0x0 linker stubs
 *(SORT_BY_ALIGNMENT(.vfp11_veneer))
 .vfp11_veneer  0x000000000000b56c        0x0 linker stubs
 *(SORT_BY_ALIGNMENT(.v4_bx))
 .v4_bx         0x000000000000b56c        0x0 linker stubs
                0x000000000000b56c                . = ALIGN (0x4)
                0x000000000000b56c                __text_region_end = .

.ARM.exidx      0x000000000000b56c        0x8
                0x000000000000b56c                __exidx_start = .
 *(SORT_BY_ALIGNMENT(.ARM.exidx*) SORT_BY_ALIGNMENT(gnu.linkonce.armexidx.*))
 .ARM.exidx     0x000000000000b56c        0x8 /home/pecosdwilly/zephyr-sdk-0.17.4/arm-zephyr-eabi/bin/../lib/gcc/arm-zephyr-eabi/12.2.0/thumb/v7e-m+fp/hard/libgcc.a(_udivmoddi4.o)
                0x000000000000b574                __exidx_end = .
                0x000000000000b574                __rodata_region_start = .

initlevel       0x000000000000b574       0x98
                0x000000000000b574                __init_start = .
                0x000000000000b574                __init_EARLY_start = .
 *(SORT_BY_NAME(SORT_BY_ALIGNMENT(.z_init_EARLY_P_?_*)))
 *(SORT_BY_NAME(SORT_BY_ALIGNMENT(.z_init_EARLY_P_??_*)))
 *(SORT_BY_NAME(SORT_BY_ALIGNMENT(.z_init_EARLY_P_???_*)))
                0x000000000000b574                __init_PRE_KERNEL_1_start = .
 *(SORT_BY_NAME(SORT_BY_ALIGNMENT(.z_init_PRE_KERNEL_1_P_?_*)))
 *(SORT_BY_NAME(SORT_BY_ALIGNMENT(.z_init_PRE_KERNEL_1_P_??_*)))
 .z_init_PRE_KERNEL_1_P_30_SUB_00013_
                0x000000000000b574        0x8 zephyr/drivers/clock_control/libdrivers__clock_control.a(clock_control_renesas_ra_cgc.c.obj)
 .z_init_PRE_KERNEL_1_P_30_SUB_00015_
                0x000000000000b57c        0x8 zephyr/drivers/clock_control/libdrivers__clock_control.a(clock_control_renesas_ra_cgc.c.obj)
 .z_init_PRE_KERNEL_1_P_30_SUB_00016_
                0x000000000000b584        0x8 zephyr/drivers/clock_control/libdrivers__clock_control.a(clock_control_renesas_ra_cgc.c.obj)
 .z_init_PRE_KERNEL_1_P_30_SUB_00038_
                0x000000000000b58c        0x8 zephyr/drivers/clock_control/libdrivers__clock_control.a(clock_control_renesas_ra_cgc.c.obj)
 .z_init_PRE_KERNEL_1_P_30_SUB_00045_
                0x000000000000b594        0x8 zephyr/drivers/clock_control/libdrivers__clock_control.a(clock_control_renesas_ra_cgc.c.obj)
 .z_init_PRE_KERNEL_1_P_30_SUB_00047_
                0x000000000000b59c        0x8 zephyr/drivers/clock_control/libdrivers__clock_control.a(clock_control_renesas_ra_cgc.c.obj)
 .z_init_PRE_KERNEL_1_P_30_SUB_00049_
                0x000000000000b5a4        0x8 zephyr/drivers/clock_control/libdrivers__clock_control.a(clock_control_renesas_ra_cgc.c.obj)
 .z_init_PRE_KERNEL_1_P_40_SUB_00027_
                0x000000000000b5ac        0x8 zephyr/drivers/gpio/libdrivers__gpio.a(gpio_renesas_ra_ioport.c.obj)
 .z_init_PRE_KERNEL_1_P_40_SUB_00029_
                0x000000000000b5b4        0x8 zephyr/drivers/misc/renesas_ra_external_interrupt/libdrivers__misc__renesas_ra_external_interrupt.a(renesas_ra_external_interrupt.c.obj)
 .z_init_PRE_KERNEL_1_P_40_SUB_00030_
                0x000000000000b5bc        0x8 zephyr/drivers/misc/renesas_ra_external_interrupt/libdrivers__misc__renesas_ra_external_interrupt.a(renesas_ra_external_interrupt.c.obj)
 .z_init_PRE_KERNEL_1_P_40_SUB_00032_
                0x000000000000b5c4        0x8 zephyr/drivers/gpio/libdrivers__gpio.a(gpio_renesas_ra_ioport.c.obj)
 .z_init_PRE_KERNEL_1_P_40_SUB_00059_
                0x000000000000b5cc        0x8 zephyr/drivers/gpio/libdrivers__gpio.a(gpio_renesas_ra_ioport.c.obj)
 .z_init_PRE_KERNEL_1_P_40_SUB_00060_
                0x000000000000b5d4        0x8 zephyr/drivers/gpio/libdrivers__gpio.a(gpio_renesas_ra_ioport.c.obj)
 .z_init_PRE_KERNEL_1_P_50_SUB_00114_
                0x000000000000b5dc        0x8 zephyr/drivers/serial/libdrivers__serial.a(uart_renesas_ra_sci.c.obj)
 .z_init_PRE_KERNEL_1_P_60_SUB_0_
                0x000000000000b5e4        0x8 zephyr/drivers/console/libdrivers__console.a(uart_console.c.obj)
 *(SORT_BY_NAME(SORT_BY_ALIGNMENT(.z_init_PRE_KERNEL_1_P_???_*)))
                0x000000000000b5ec                __init_PRE_KERNEL_2_start = .
 *(SORT_BY_NAME(SORT_BY_ALIGNMENT(.z_init_PRE_KERNEL_2_P_?_*)))
 .z_init_PRE_KERNEL_2_P_0_SUB_0_
                0x000000000000b5ec        0x8 zephyr/drivers/timer/libdrivers__timer.a(cortex_m_systick.c.obj)
 *(SORT_BY_NAME(SORT_BY_ALIGNMENT(.z_init_PRE_KERNEL_2_P_??_*)))
 *(SORT_BY_NAME(SORT_BY_ALIGNMENT(.z_init_PRE_KERNEL_2_P_???_*)))
                0x000000000000b5f4                __init_POST_KERNEL_start = .
 *(SORT_BY_NAME(SORT_BY_ALIGNMENT(.z_init_POST_KERNEL_P_?_*)))
 .z_init_POST_KERNEL_P_0_SUB_0_
                0x000000000000b5f4        0x8 zephyr/libzephyr.a(log_core.c.obj)
 *(SORT_BY_NAME(SORT_BY_ALIGNMENT(.z_init_POST_KERNEL_P_??_*)))
 .z_init_POST_KERNEL_P_35_SUB_0_
                0x000000000000b5fc        0x8 zephyr/lib/libc/common/liblib__libc__common.a(malloc.c.obj)
 .z_init_POST_KERNEL_P_90_SUB_00033_
                0x000000000000b604        0x8 zephyr/drivers/led/libdrivers__led.a(led_gpio.c.obj)
 *(SORT_BY_NAME(SORT_BY_ALIGNMENT(.z_init_POST_KERNEL_P_???_*)))
                0x000000000000b60c                __init_APPLICATION_start = .
 *(SORT_BY_NAME(SORT_BY_ALIGNMENT(.z_init_APPLICATION_P_?_*)))
 *(SORT_BY_NAME(SORT_BY_ALIGNMENT(.z_init_APPLICATION_P_??_*)))
 *(SORT_BY_NAME(SORT_BY_ALIGNMENT(.z_init_APPLICATION_P_???_*)))
                0x000000000000b60c                __init_SMP_start = .
 *(SORT_BY_NAME(SORT_BY_ALIGNMENT(.z_init_SMP_P_?_*)))
 *(SORT_BY_NAME(SORT_BY_ALIGNMENT(.z_init_SMP_P_??_*)))
 *(SORT_BY_NAME(SORT_BY_ALIGNMENT(.z_init_SMP_P_???_*)))
                0x000000000000b60c                __init_end = .

device_area     0x000000000000b60c      0x1a4
                0x000000000000b60c                _device_list_start = .
 *(SORT_BY_NAME(SORT_BY_ALIGNMENT(._device.static.*_?_*)))
 *(SORT_BY_NAME(SORT_BY_ALIGNMENT(._device.static.*_??_*)))
 ._device.static.1_30_
                0x000000000000b60c       0xc4 zephyr/drivers/clock_control/libdrivers__clock_control.a(clock_control_renesas_ra_cgc.c.obj)
                0x000000000000b60c                __device_dts_ord_15
                0x000000000000b628                __device_dts_ord_38
                0x000000000000b644                __device_dts_ord_16
                0x000000000000b660                __device_dts_ord_47
                0x000000000000b67c                __device_dts_ord_45
                0x000000000000b698                __device_dts_ord_49
                0x000000000000b6b4                __device_dts_ord_13
 ._device.static.1_40_
                0x000000000000b6d0       0x38 zephyr/drivers/misc/renesas_ra_external_interrupt/libdrivers__misc__renesas_ra_external_interrupt.a(renesas_ra_external_interrupt.c.obj)
                0x000000000000b6d0                __device_dts_ord_30
                0x000000000000b6ec                __device_dts_ord_29
 ._device.static.1_40_
                0x000000000000b708       0x70 zephyr/drivers/gpio/libdrivers__gpio.a(gpio_renesas_ra_ioport.c.obj)
                0x000000000000b708                __device_dts_ord_60
                0x000000000000b724                __device_dts_ord_59
                0x000000000000b740                __device_dts_ord_32
                0x000000000000b75c                __device_dts_ord_27
 ._device.static.1_50_
                0x000000000000b778       0x1c zephyr/drivers/serial/libdrivers__serial.a(uart_renesas_ra_sci.c.obj)
                0x000000000000b778                __device_dts_ord_114
 ._device.static.3_90_
                0x000000000000b794       0x1c zephyr/drivers/led/libdrivers__led.a(led_gpio.c.obj)
                0x000000000000b794                __device_dts_ord_33
 *(SORT_BY_NAME(SORT_BY_ALIGNMENT(._device.static.*_???_*)))
 *(SORT_BY_NAME(SORT_BY_ALIGNMENT(._device.static.*_????_*)))
 *(SORT_BY_NAME(SORT_BY_ALIGNMENT(._device.static.*_?????_*)))
                0x000000000000b7b0                _device_list_end = .

sw_isr_table    0x000000000000b7b0      0x100
                0x000000000000b7b0                . = ALIGN (0x4)
 *(SORT_BY_ALIGNMENT(.gnu.linkonce.sw_isr_table*))
 .gnu.linkonce.sw_isr_table
                0x000000000000b7b0      0x100 zephyr/arch/common/libisr_tables.a(isr_tables.c.obj)
                0x000000000000b7b0                _sw_isr_table

initlevel_error
                0x000000000000b574        0x0
 *(SORT_BY_NAME(SORT_BY_ALIGNMENT(.z_init_*)))
                0x0000000000000001                ASSERT ((SIZEOF (initlevel_error) == 0x0), Undefined initialization levels used.)

app_shmem_regions
                0x000000000000b8b0        0x0
                0x000000000000b8b0                __app_shmem_regions_start = .
 *(SORT_BY_NAME(SORT_BY_ALIGNMENT(.app_regions.*)))
                0x000000000000b8b0                __app_shmem_regions_end = .

k_p4wq_initparam_area
                0x000000000000b8b0        0x0
                0x000000000000b8b0                _k_p4wq_initparam_list_start = .
 *(SORT_BY_NAME(SORT_BY_ALIGNMENT(._k_p4wq_initparam.static.*)))
                0x000000000000b8b0                _k_p4wq_initparam_list_end = .

_static_thread_data_area
                0x000000000000b8b0        0x0
                0x000000000000b8b0                __static_thread_data_list_start = .
 *(SORT_BY_NAME(SORT_BY_ALIGNMENT(.__static_thread_data.static.*)))
                0x000000000000b8b0                __static_thread_data_list_end = .

device_deps     0x000000000000b8b0        0x0
                0x000000000000b8b0                __device_deps_start = .
 *(SORT_BY_NAME(SORT_BY_ALIGNMENT(.__device_deps_pass2*)))
                0x000000000000b8b0                __device_deps_end = .

gpio_driver_api_area
                0x000000000000b8b0       0x24
                0x000000000000b8b0                _gpio_driver_api_list_start = .
 *(SORT_BY_NAME(SORT_BY_ALIGNMENT(._gpio_driver_api.static.*)))
 ._gpio_driver_api.static.gpio_ra_drv_api_funcs_
                0x000000000000b8b0       0x24 zephyr/drivers/gpio/libdrivers__gpio.a(gpio_renesas_ra_ioport.c.obj)
                0x000000000000b8d4                _gpio_driver_api_list_end = .

led_driver_api_area
                0x000000000000b8d4       0x1c
                0x000000000000b8d4                _led_driver_api_list_start = .
 *(SORT_BY_NAME(SORT_BY_ALIGNMENT(._led_driver_api.static.*)))
 ._led_driver_api.static.led_gpio_api_
                0x000000000000b8d4       0x1c zephyr/drivers/led/libdrivers__led.a(led_gpio.c.obj)
                0x000000000000b8f0                _led_driver_api_list_end = .

shared_irq_driver_api_area
                0x000000000000b8f0        0x0
                0x000000000000b8f0                _shared_irq_driver_api_list_start = .
 *(SORT_BY_NAME(SORT_BY_ALIGNMENT(._shared_irq_driver_api.static.*)))
                0x000000000000b8f0                _shared_irq_driver_api_list_end = .

crypto_driver_api_area
                0x000000000000b8f0        0x0
                0x000000000000b8f0                _crypto_driver_api_list_start = .
 *(SORT_BY_NAME(SORT_BY_ALIGNMENT(._crypto_driver_api.static.*)))
                0x000000000000b8f0                _crypto_driver_api_list_end = .

adc_driver_api_area
                0x000000000000b8f0        0x0
                0x000000000000b8f0                _adc_driver_api_list_start = .
 *(SORT_BY_NAME(SORT_BY_ALIGNMENT(._adc_driver_api.static.*)))
                0x000000000000b8f0                _adc_driver_api_list_end = .

auxdisplay_driver_api_area
                0x000000000000b8f0        0x0
                0x000000000000b8f0                _auxdisplay_driver_api_list_start = .
 *(SORT_BY_NAME(SORT_BY_ALIGNMENT(._auxdisplay_driver_api.static.*)))
                0x000000000000b8f0                _auxdisplay_driver_api_list_end = .

bbram_driver_api_area
                0x000000000000b8f0        0x0
                0x000000000000b8f0                _bbram_driver_api_list_start = .
 *(SORT_BY_NAME(SORT_BY_ALIGNMENT(._bbram_driver_api.static.*)))
                0x000000000000b8f0                _bbram_driver_api_list_end = .

bt_hci_driver_api_area
                0x000000000000b8f0        0x0
                0x000000000000b8f0                _bt_hci_driver_api_list_start = .
 *(SORT_BY_NAME(SORT_BY_ALIGNMENT(._bt_hci_driver_api.static.*)))
                0x000000000000b8f0                _bt_hci_driver_api_list_end = .

can_driver_api_area
                0x000000000000b8f0        0x0
                0x000000000000b8f0                _can_driver_api_list_start = .
 *(SORT_BY_NAME(SORT_BY_ALIGNMENT(._can_driver_api.static.*)))
                0x000000000000b8f0                _can_driver_api_list_end = .

cellular_driver_api_area
                0x000000000000b8f0        0x0
                0x000000000000b8f0                _cellular_driver_api_list_start = .
 *(SORT_BY_NAME(SORT_BY_ALIGNMENT(._cellular_driver_api.static.*)))
                0x000000000000b8f0                _cellular_driver_api_list_end = .

charger_driver_api_area
                0x000000000000b8f0        0x0
                0x000000000000b8f0                _charger_driver_api_list_start = .
 *(SORT_BY_NAME(SORT_BY_ALIGNMENT(._charger_driver_api.static.*)))
                0x000000000000b8f0                _charger_driver_api_list_end = .

clock_control_driver_api_area
                0x000000000000b8f0       0x1c
                0x000000000000b8f0                _clock_control_driver_api_list_start = .
 *(SORT_BY_NAME(SORT_BY_ALIGNMENT(._clock_control_driver_api.static.*)))
 ._clock_control_driver_api.static.clock_control_reneas_ra_api_
                0x000000000000b8f0       0x1c zephyr/drivers/clock_control/libdrivers__clock_control.a(clock_control_renesas_ra_cgc.c.obj)
                0x000000000000b90c                _clock_control_driver_api_list_end = .

comparator_driver_api_area
                0x000000000000b90c        0x0
                0x000000000000b90c                _comparator_driver_api_list_start = .
 *(SORT_BY_NAME(SORT_BY_ALIGNMENT(._comparator_driver_api.static.*)))
                0x000000000000b90c                _comparator_driver_api_list_end = .

coredump_driver_api_area
                0x000000000000b90c        0x0
                0x000000000000b90c                _coredump_driver_api_list_start = .
 *(SORT_BY_NAME(SORT_BY_ALIGNMENT(._coredump_driver_api.static.*)))
                0x000000000000b90c                _coredump_driver_api_list_end = .

counter_driver_api_area
                0x000000000000b90c        0x0
                0x000000000000b90c                _counter_driver_api_list_start = .
 *(SORT_BY_NAME(SORT_BY_ALIGNMENT(._counter_driver_api.static.*)))
                0x000000000000b90c                _counter_driver_api_list_end = .

crc_driver_api_area
                0x000000000000b90c        0x0
                0x000000000000b90c                _crc_driver_api_list_start = .
 *(SORT_BY_NAME(SORT_BY_ALIGNMENT(._crc_driver_api.static.*)))
                0x000000000000b90c                _crc_driver_api_list_end = .

dac_driver_api_area
                0x000000000000b90c        0x0
                0x000000000000b90c                _dac_driver_api_list_start = .
 *(SORT_BY_NAME(SORT_BY_ALIGNMENT(._dac_driver_api.static.*)))
                0x000000000000b90c                _dac_driver_api_list_end = .

dai_driver_api_area
                0x000000000000b90c        0x0
                0x000000000000b90c                _dai_driver_api_list_start = .
 *(SORT_BY_NAME(SORT_BY_ALIGNMENT(._dai_driver_api.static.*)))
                0x000000000000b90c                _dai_driver_api_list_end = .

display_driver_api_area
                0x000000000000b90c        0x0
                0x000000000000b90c                _display_driver_api_list_start = .
 *(SORT_BY_NAME(SORT_BY_ALIGNMENT(._display_driver_api.static.*)))
                0x000000000000b90c                _display_driver_api_list_end = .

dma_driver_api_area
                0x000000000000b90c        0x0
                0x000000000000b90c                _dma_driver_api_list_start = .
 *(SORT_BY_NAME(SORT_BY_ALIGNMENT(._dma_driver_api.static.*)))
                0x000000000000b90c                _dma_driver_api_list_end = .

edac_driver_api_area
                0x000000000000b90c        0x0
                0x000000000000b90c                _edac_driver_api_list_start = .
 *(SORT_BY_NAME(SORT_BY_ALIGNMENT(._edac_driver_api.static.*)))
                0x000000000000b90c                _edac_driver_api_list_end = .

eeprom_driver_api_area
                0x000000000000b90c        0x0
                0x000000000000b90c                _eeprom_driver_api_list_start = .
 *(SORT_BY_NAME(SORT_BY_ALIGNMENT(._eeprom_driver_api.static.*)))
                0x000000000000b90c                _eeprom_driver_api_list_end = .

emul_bbram_driver_api_area
                0x000000000000b90c        0x0
                0x000000000000b90c                _emul_bbram_driver_api_list_start = .
 *(SORT_BY_NAME(SORT_BY_ALIGNMENT(._emul_bbram_driver_api.static.*)))
                0x000000000000b90c                _emul_bbram_driver_api_list_end = .

fuel_gauge_emul_driver_api_area
                0x000000000000b90c        0x0
                0x000000000000b90c                _fuel_gauge_emul_driver_api_list_start = .
 *(SORT_BY_NAME(SORT_BY_ALIGNMENT(._fuel_gauge_emul_driver_api.static.*)))
                0x000000000000b90c                _fuel_gauge_emul_driver_api_list_end = .

emul_sensor_driver_api_area
                0x000000000000b90c        0x0
                0x000000000000b90c                _emul_sensor_driver_api_list_start = .
 *(SORT_BY_NAME(SORT_BY_ALIGNMENT(._emul_sensor_driver_api.static.*)))
                0x000000000000b90c                _emul_sensor_driver_api_list_end = .

entropy_driver_api_area
                0x000000000000b90c        0x0
                0x000000000000b90c                _entropy_driver_api_list_start = .
 *(SORT_BY_NAME(SORT_BY_ALIGNMENT(._entropy_driver_api.static.*)))
                0x000000000000b90c                _entropy_driver_api_list_end = .

espi_driver_api_area
                0x000000000000b90c        0x0
                0x000000000000b90c                _espi_driver_api_list_start = .
 *(SORT_BY_NAME(SORT_BY_ALIGNMENT(._espi_driver_api.static.*)))
                0x000000000000b90c                _espi_driver_api_list_end = .

espi_saf_driver_api_area
                0x000000000000b90c        0x0
                0x000000000000b90c                _espi_saf_driver_api_list_start = .
 *(SORT_BY_NAME(SORT_BY_ALIGNMENT(._espi_saf_driver_api.static.*)))
                0x000000000000b90c                _espi_saf_driver_api_list_end = .

flash_driver_api_area
                0x000000000000b90c        0x0
                0x000000000000b90c                _flash_driver_api_list_start = .
 *(SORT_BY_NAME(SORT_BY_ALIGNMENT(._flash_driver_api.static.*)))
                0x000000000000b90c                _flash_driver_api_list_end = .

fpga_driver_api_area
                0x000000000000b90c        0x0
                0x000000000000b90c                _fpga_driver_api_list_start = .
 *(SORT_BY_NAME(SORT_BY_ALIGNMENT(._fpga_driver_api.static.*)))
                0x000000000000b90c                _fpga_driver_api_list_end = .

fuel_gauge_driver_api_area
                0x000000000000b90c        0x0
                0x000000000000b90c                _fuel_gauge_driver_api_list_start = .
 *(SORT_BY_NAME(SORT_BY_ALIGNMENT(._fuel_gauge_driver_api.static.*)))
                0x000000000000b90c                _fuel_gauge_driver_api_list_end = .

gnss_driver_api_area
                0x000000000000b90c        0x0
                0x000000000000b90c                _gnss_driver_api_list_start = .
 *(SORT_BY_NAME(SORT_BY_ALIGNMENT(._gnss_driver_api.static.*)))
                0x000000000000b90c                _gnss_driver_api_list_end = .

haptics_driver_api_area
                0x000000000000b90c        0x0
                0x000000000000b90c                _haptics_driver_api_list_start = .
 *(SORT_BY_NAME(SORT_BY_ALIGNMENT(._haptics_driver_api.static.*)))
                0x000000000000b90c                _haptics_driver_api_list_end = .

hwspinlock_driver_api_area
                0x000000000000b90c        0x0
                0x000000000000b90c                _hwspinlock_driver_api_list_start = .
 *(SORT_BY_NAME(SORT_BY_ALIGNMENT(._hwspinlock_driver_api.static.*)))
                0x000000000000b90c                _hwspinlock_driver_api_list_end = .

i2c_driver_api_area
                0x000000000000b90c        0x0
                0x000000000000b90c                _i2c_driver_api_list_start = .
 *(SORT_BY_NAME(SORT_BY_ALIGNMENT(._i2c_driver_api.static.*)))
                0x000000000000b90c                _i2c_driver_api_list_end = .

i2c_target_driver_api_area
                0x000000000000b90c        0x0
                0x000000000000b90c                _i2c_target_driver_api_list_start = .
 *(SORT_BY_NAME(SORT_BY_ALIGNMENT(._i2c_target_driver_api.static.*)))
                0x000000000000b90c                _i2c_target_driver_api_list_end = .

i2s_driver_api_area
                0x000000000000b90c        0x0
                0x000000000000b90c                _i2s_driver_api_list_start = .
 *(SORT_BY_NAME(SORT_BY_ALIGNMENT(._i2s_driver_api.static.*)))
                0x000000000000b90c                _i2s_driver_api_list_end = .

i3c_driver_api_area
                0x000000000000b90c        0x0
                0x000000000000b90c                _i3c_driver_api_list_start = .
 *(SORT_BY_NAME(SORT_BY_ALIGNMENT(._i3c_driver_api.static.*)))
                0x000000000000b90c                _i3c_driver_api_list_end = .

ipm_driver_api_area
                0x000000000000b90c        0x0
                0x000000000000b90c                _ipm_driver_api_list_start = .
 *(SORT_BY_NAME(SORT_BY_ALIGNMENT(._ipm_driver_api.static.*)))
                0x000000000000b90c                _ipm_driver_api_list_end = .

led_strip_driver_api_area
                0x000000000000b90c        0x0
                0x000000000000b90c                _led_strip_driver_api_list_start = .
 *(SORT_BY_NAME(SORT_BY_ALIGNMENT(._led_strip_driver_api.static.*)))
                0x000000000000b90c                _led_strip_driver_api_list_end = .

lora_driver_api_area
                0x000000000000b90c        0x0
                0x000000000000b90c                _lora_driver_api_list_start = .
 *(SORT_BY_NAME(SORT_BY_ALIGNMENT(._lora_driver_api.static.*)))
                0x000000000000b90c                _lora_driver_api_list_end = .

mbox_driver_api_area
                0x000000000000b90c        0x0
                0x000000000000b90c                _mbox_driver_api_list_start = .
 *(SORT_BY_NAME(SORT_BY_ALIGNMENT(._mbox_driver_api.static.*)))
                0x000000000000b90c                _mbox_driver_api_list_end = .

mdio_driver_api_area
                0x000000000000b90c        0x0
                0x000000000000b90c                _mdio_driver_api_list_start = .
 *(SORT_BY_NAME(SORT_BY_ALIGNMENT(._mdio_driver_api.static.*)))
                0x000000000000b90c                _mdio_driver_api_list_end = .

mipi_dbi_driver_api_area
                0x000000000000b90c        0x0
                0x000000000000b90c                _mipi_dbi_driver_api_list_start = .
 *(SORT_BY_NAME(SORT_BY_ALIGNMENT(._mipi_dbi_driver_api.static.*)))
                0x000000000000b90c                _mipi_dbi_driver_api_list_end = .

mipi_dsi_driver_api_area
                0x000000000000b90c        0x0
                0x000000000000b90c                _mipi_dsi_driver_api_list_start = .
 *(SORT_BY_NAME(SORT_BY_ALIGNMENT(._mipi_dsi_driver_api.static.*)))
                0x000000000000b90c                _mipi_dsi_driver_api_list_end = .

mspi_driver_api_area
                0x000000000000b90c        0x0
                0x000000000000b90c                _mspi_driver_api_list_start = .
 *(SORT_BY_NAME(SORT_BY_ALIGNMENT(._mspi_driver_api.static.*)))
                0x000000000000b90c                _mspi_driver_api_list_end = .

opamp_driver_api_area
                0x000000000000b90c        0x0
                0x000000000000b90c                _opamp_driver_api_list_start = .
 *(SORT_BY_NAME(SORT_BY_ALIGNMENT(._opamp_driver_api.static.*)))
                0x000000000000b90c                _opamp_driver_api_list_end = .

peci_driver_api_area
                0x000000000000b90c        0x0
                0x000000000000b90c                _peci_driver_api_list_start = .
 *(SORT_BY_NAME(SORT_BY_ALIGNMENT(._peci_driver_api.static.*)))
                0x000000000000b90c                _peci_driver_api_list_end = .

ps2_driver_api_area
                0x000000000000b90c        0x0
                0x000000000000b90c                _ps2_driver_api_list_start = .
 *(SORT_BY_NAME(SORT_BY_ALIGNMENT(._ps2_driver_api.static.*)))
                0x000000000000b90c                _ps2_driver_api_list_end = .

ptp_clock_driver_api_area
                0x000000000000b90c        0x0
                0x000000000000b90c                _ptp_clock_driver_api_list_start = .
 *(SORT_BY_NAME(SORT_BY_ALIGNMENT(._ptp_clock_driver_api.static.*)))
                0x000000000000b90c                _ptp_clock_driver_api_list_end = .

pwm_driver_api_area
                0x000000000000b90c        0x0
                0x000000000000b90c                _pwm_driver_api_list_start = .
 *(SORT_BY_NAME(SORT_BY_ALIGNMENT(._pwm_driver_api.static.*)))
                0x000000000000b90c                _pwm_driver_api_list_end = .

regulator_parent_driver_api_area
                0x000000000000b90c        0x0
                0x000000000000b90c                _regulator_parent_driver_api_list_start = .
 *(SORT_BY_NAME(SORT_BY_ALIGNMENT(._regulator_parent_driver_api.static.*)))
                0x000000000000b90c                _regulator_parent_driver_api_list_end = .

regulator_driver_api_area
                0x000000000000b90c        0x0
                0x000000000000b90c                _regulator_driver_api_list_start = .
 *(SORT_BY_NAME(SORT_BY_ALIGNMENT(._regulator_driver_api.static.*)))
                0x000000000000b90c                _regulator_driver_api_list_end = .

reset_driver_api_area
                0x000000000000b90c        0x0
                0x000000000000b90c                _reset_driver_api_list_start = .
 *(SORT_BY_NAME(SORT_BY_ALIGNMENT(._reset_driver_api.static.*)))
                0x000000000000b90c                _reset_driver_api_list_end = .

retained_mem_driver_api_area
                0x000000000000b90c        0x0
                0x000000000000b90c                _retained_mem_driver_api_list_start = .
 *(SORT_BY_NAME(SORT_BY_ALIGNMENT(._retained_mem_driver_api.static.*)))
                0x000000000000b90c                _retained_mem_driver_api_list_end = .

rtc_driver_api_area
                0x000000000000b90c        0x0
                0x000000000000b90c                _rtc_driver_api_list_start = .
 *(SORT_BY_NAME(SORT_BY_ALIGNMENT(._rtc_driver_api.static.*)))
                0x000000000000b90c                _rtc_driver_api_list_end = .

sdhc_driver_api_area
                0x000000000000b90c        0x0
                0x000000000000b90c                _sdhc_driver_api_list_start = .
 *(SORT_BY_NAME(SORT_BY_ALIGNMENT(._sdhc_driver_api.static.*)))
                0x000000000000b90c                _sdhc_driver_api_list_end = .

sensor_driver_api_area
                0x000000000000b90c        0x0
                0x000000000000b90c                _sensor_driver_api_list_start = .
 *(SORT_BY_NAME(SORT_BY_ALIGNMENT(._sensor_driver_api.static.*)))
                0x000000000000b90c                _sensor_driver_api_list_end = .

smbus_driver_api_area
                0x000000000000b90c        0x0
                0x000000000000b90c                _smbus_driver_api_list_start = .
 *(SORT_BY_NAME(SORT_BY_ALIGNMENT(._smbus_driver_api.static.*)))
                0x000000000000b90c                _smbus_driver_api_list_end = .

spi_driver_api_area
                0x000000000000b90c        0x0
                0x000000000000b90c                _spi_driver_api_list_start = .
 *(SORT_BY_NAME(SORT_BY_ALIGNMENT(._spi_driver_api.static.*)))
                0x000000000000b90c                _spi_driver_api_list_end = .

stepper_driver_api_area
                0x000000000000b90c        0x0
                0x000000000000b90c                _stepper_driver_api_list_start = .
 *(SORT_BY_NAME(SORT_BY_ALIGNMENT(._stepper_driver_api.static.*)))
                0x000000000000b90c                _stepper_driver_api_list_end = .

syscon_driver_api_area
                0x000000000000b90c        0x0
                0x000000000000b90c                _syscon_driver_api_list_start = .
 *(SORT_BY_NAME(SORT_BY_ALIGNMENT(._syscon_driver_api.static.*)))
                0x000000000000b90c                _syscon_driver_api_list_end = .

tee_driver_api_area
                0x000000000000b90c        0x0
                0x000000000000b90c                _tee_driver_api_list_start = .
 *(SORT_BY_NAME(SORT_BY_ALIGNMENT(._tee_driver_api.static.*)))
                0x000000000000b90c                _tee_driver_api_list_end = .

video_driver_api_area
                0x000000000000b90c        0x0
                0x000000000000b90c                _video_driver_api_list_start = .
 *(SORT_BY_NAME(SORT_BY_ALIGNMENT(._video_driver_api.static.*)))
                0x000000000000b90c                _video_driver_api_list_end = .

virtio_driver_api_area
                0x000000000000b90c        0x0
                0x000000000000b90c                _virtio_driver_api_list_start = .
 *(SORT_BY_NAME(SORT_BY_ALIGNMENT(._virtio_driver_api.static.*)))
                0x000000000000b90c                _virtio_driver_api_list_end = .

w1_driver_api_area
                0x000000000000b90c        0x0
                0x000000000000b90c                _w1_driver_api_list_start = .
 *(SORT_BY_NAME(SORT_BY_ALIGNMENT(._w1_driver_api.static.*)))
                0x000000000000b90c                _w1_driver_api_list_end = .

wdt_driver_api_area
                0x000000000000b90c        0x0
                0x000000000000b90c                _wdt_driver_api_list_start = .
 *(SORT_BY_NAME(SORT_BY_ALIGNMENT(._wdt_driver_api.static.*)))
                0x000000000000b90c                _wdt_driver_api_list_end = .

can_transceiver_driver_api_area
                0x000000000000b90c        0x0
                0x000000000000b90c                _can_transceiver_driver_api_list_start = .
 *(SORT_BY_NAME(SORT_BY_ALIGNMENT(._can_transceiver_driver_api.static.*)))
                0x000000000000b90c                _can_transceiver_driver_api_list_end = .

nrf_clock_control_driver_api_area
                0x000000000000b90c        0x0
                0x000000000000b90c                _nrf_clock_control_driver_api_list_start = .
 *(SORT_BY_NAME(SORT_BY_ALIGNMENT(._nrf_clock_control_driver_api.static.*)))
                0x000000000000b90c                _nrf_clock_control_driver_api_list_end = .

i3c_target_driver_api_area
                0x000000000000b90c        0x0
                0x000000000000b90c                _i3c_target_driver_api_list_start = .
 *(SORT_BY_NAME(SORT_BY_ALIGNMENT(._i3c_target_driver_api.static.*)))
                0x000000000000b90c                _i3c_target_driver_api_list_end = .

its_driver_api_area
                0x000000000000b90c        0x0
                0x000000000000b90c                _its_driver_api_list_start = .
 *(SORT_BY_NAME(SORT_BY_ALIGNMENT(._its_driver_api.static.*)))
                0x000000000000b90c                _its_driver_api_list_end = .

vtd_driver_api_area
                0x000000000000b90c        0x0
                0x000000000000b90c                _vtd_driver_api_list_start = .
 *(SORT_BY_NAME(SORT_BY_ALIGNMENT(._vtd_driver_api.static.*)))
                0x000000000000b90c                _vtd_driver_api_list_end = .

renesas_elc_driver_api_area
                0x000000000000b90c        0x0
                0x000000000000b90c                _renesas_elc_driver_api_list_start = .
 *(SORT_BY_NAME(SORT_BY_ALIGNMENT(._renesas_elc_driver_api.static.*)))
                0x000000000000b90c                _renesas_elc_driver_api_list_end = .

tgpio_driver_api_area
                0x000000000000b90c        0x0
                0x000000000000b90c                _tgpio_driver_api_list_start = .
 *(SORT_BY_NAME(SORT_BY_ALIGNMENT(._tgpio_driver_api.static.*)))
                0x000000000000b90c                _tgpio_driver_api_list_end = .

pcie_ctrl_driver_api_area
                0x000000000000b90c        0x0
                0x000000000000b90c                _pcie_ctrl_driver_api_list_start = .
 *(SORT_BY_NAME(SORT_BY_ALIGNMENT(._pcie_ctrl_driver_api.static.*)))
                0x000000000000b90c                _pcie_ctrl_driver_api_list_end = .

pcie_ep_driver_api_area
                0x000000000000b90c        0x0
                0x000000000000b90c                _pcie_ep_driver_api_list_start = .
 *(SORT_BY_NAME(SORT_BY_ALIGNMENT(._pcie_ep_driver_api.static.*)))
                0x000000000000b90c                _pcie_ep_driver_api_list_end = .

psi5_driver_api_area
                0x000000000000b90c        0x0
                0x000000000000b90c                _psi5_driver_api_list_start = .
 *(SORT_BY_NAME(SORT_BY_ALIGNMENT(._psi5_driver_api.static.*)))
                0x000000000000b90c                _psi5_driver_api_list_end = .

sent_driver_api_area
                0x000000000000b90c        0x0
                0x000000000000b90c                _sent_driver_api_list_start = .
 *(SORT_BY_NAME(SORT_BY_ALIGNMENT(._sent_driver_api.static.*)))
                0x000000000000b90c                _sent_driver_api_list_end = .

svc_driver_api_area
                0x000000000000b90c        0x0
                0x000000000000b90c                _svc_driver_api_list_start = .
 *(SORT_BY_NAME(SORT_BY_ALIGNMENT(._svc_driver_api.static.*)))
                0x000000000000b90c                _svc_driver_api_list_end = .

uart_driver_api_area
                0x000000000000b90c       0x4c
                0x000000000000b90c                _uart_driver_api_list_start = .
 *(SORT_BY_NAME(SORT_BY_ALIGNMENT(._uart_driver_api.static.*)))
 ._uart_driver_api.static.uart_ra_sci_driver_api_
                0x000000000000b90c       0x4c zephyr/drivers/serial/libdrivers__serial.a(uart_renesas_ra_sci.c.obj)
                0x000000000000b958                _uart_driver_api_list_end = .

bc12_emul_driver_api_area
                0x000000000000b958        0x0
                0x000000000000b958                _bc12_emul_driver_api_list_start = .
 *(SORT_BY_NAME(SORT_BY_ALIGNMENT(._bc12_emul_driver_api.static.*)))
                0x000000000000b958                _bc12_emul_driver_api_list_end = .

bc12_driver_api_area
                0x000000000000b958        0x0
                0x000000000000b958                _bc12_driver_api_list_start = .
 *(SORT_BY_NAME(SORT_BY_ALIGNMENT(._bc12_driver_api.static.*)))
                0x000000000000b958                _bc12_driver_api_list_end = .

usbc_ppc_driver_api_area
                0x000000000000b958        0x0
                0x000000000000b958                _usbc_ppc_driver_api_list_start = .
 *(SORT_BY_NAME(SORT_BY_ALIGNMENT(._usbc_ppc_driver_api.static.*)))
                0x000000000000b958                _usbc_ppc_driver_api_list_end = .

tcpc_driver_api_area
                0x000000000000b958        0x0
                0x000000000000b958                _tcpc_driver_api_list_start = .
 *(SORT_BY_NAME(SORT_BY_ALIGNMENT(._tcpc_driver_api.static.*)))
                0x000000000000b958                _tcpc_driver_api_list_end = .

usbc_vbus_driver_api_area
                0x000000000000b958        0x0
                0x000000000000b958                _usbc_vbus_driver_api_list_start = .